Archive member included because of file (symbol)

/Applications/microchip/mplabc32/v2.00/bin/../lib/gcc/pic32mx/4.5.1/../../../../pic32mx/lib/libc.a(strlen.o)
                              build/default/production/_ext/1472/PicasoSGC.o (strlen)
/Applications/microchip/mplabc32/v2.00/bin/../lib/gcc/pic32mx/4.5.1/../../../../pic32mx/lib/libc.a(general-exception.o)
                              /Applications/microchip/mplabc32/v2.00/bin/../lib/gcc/pic32mx/4.5.1/../../../../pic32mx/lib/crt0.o (_general_exception_context)
/Applications/microchip/mplabc32/v2.00/bin/../lib/gcc/pic32mx/4.5.1/../../../../pic32mx/lib/libc.a(ctypef.o)
                              build/default/production/_ext/1472/Uart-Gruppio.o (toupper)
/Applications/microchip/mplabc32/v2.00/bin/../lib/gcc/pic32mx/4.5.1/../../../../pic32mx/lib/libc.a(sprintf_fF.eo)
                              build/default/production/_ext/1472/App.o (_sprintf_fF)
/Applications/microchip/mplabc32/v2.00/bin/../lib/gcc/pic32mx/4.5.1/../../../../pic32mx/lib/libc.a(default-general-exception-handler.o)
                              /Applications/microchip/mplabc32/v2.00/bin/../lib/gcc/pic32mx/4.5.1/../../../../pic32mx/lib/libc.a(general-exception.o) (_general_exception_handler)
/Applications/microchip/mplabc32/v2.00/bin/../lib/gcc/pic32mx/4.5.1/../../../../pic32mx/lib/libc.a(default-bootstrap-exception-handler.o)
                              /Applications/microchip/mplabc32/v2.00/bin/../lib/gcc/pic32mx/4.5.1/../../../../pic32mx/lib/crt0.o (_bootstrap_exception_handler)
/Applications/microchip/mplabc32/v2.00/bin/../lib/gcc/pic32mx/4.5.1/../../../../pic32mx/lib/libc.a(default-on-reset.o)
                              /Applications/microchip/mplabc32/v2.00/bin/../lib/gcc/pic32mx/4.5.1/../../../../pic32mx/lib/crt0.o (_on_reset)
/Applications/microchip/mplabc32/v2.00/bin/../lib/gcc/pic32mx/4.5.1/../../../../pic32mx/lib/libc.a(default-on-bootstrap.o)
                              /Applications/microchip/mplabc32/v2.00/bin/../lib/gcc/pic32mx/4.5.1/../../../../pic32mx/lib/crt0.o (_on_bootstrap)
/Applications/microchip/mplabc32/v2.00/bin/../lib/gcc/pic32mx/4.5.1/../../../../pic32mx/lib/libc.a(default-nmi-handler.o)
                              /Applications/microchip/mplabc32/v2.00/bin/../lib/gcc/pic32mx/4.5.1/../../../../pic32mx/lib/crt0.o (_nmi_handler)
/Applications/microchip/mplabc32/v2.00/bin/../lib/gcc/pic32mx/4.5.1/../../../../pic32mx/lib/libc.a(ctype.o)
                              /Applications/microchip/mplabc32/v2.00/bin/../lib/gcc/pic32mx/4.5.1/../../../../pic32mx/lib/libc.a(ctypef.o) (_ctype)
/Applications/microchip/mplabc32/v2.00/bin/../lib/gcc/pic32mx/4.5.1/../../../../pic32mx/lib/libc.a(doprnt_fF.eo)
                              /Applications/microchip/mplabc32/v2.00/bin/../lib/gcc/pic32mx/4.5.1/../../../../pic32mx/lib/libc.a(sprintf_fF.eo) (_vfprintf_fF)
/Applications/microchip/mplabc32/v2.00/bin/../lib/gcc/pic32mx/4.5.1/../../../../pic32mx/lib/libc.a(_fputc_simple.o)
                              /Applications/microchip/mplabc32/v2.00/bin/../lib/gcc/pic32mx/4.5.1/../../../../pic32mx/lib/libc.a(doprnt_fF.eo) (fputc)
/Applications/microchip/mplabc32/v2.00/bin/../lib/gcc/pic32mx/4.5.1/../../../../pic32mx/lib/libc.a(powers.o)
                              /Applications/microchip/mplabc32/v2.00/bin/../lib/gcc/pic32mx/4.5.1/../../../../pic32mx/lib/libc.a(doprnt_fF.eo) (_powers_f)
/Applications/microchip/mplabc32/v2.00/bin/../lib/gcc/pic32mx/4.5.1/../../../../pic32mx/lib/libc.a(write.o)
                              /Applications/microchip/mplabc32/v2.00/bin/../lib/gcc/pic32mx/4.5.1/../../../../pic32mx/lib/libc.a(_fputc_simple.o) (write)
/Applications/microchip/mplabc32/v2.00/bin/../lib/gcc/pic32mx/4.5.1/../../../../pic32mx/lib/libc.a(_iob.o)
                              /Applications/microchip/mplabc32/v2.00/bin/../lib/gcc/pic32mx/4.5.1/../../../../pic32mx/lib/libc.a(_fputc_simple.o) (_outdone)
/Applications/microchip/mplabc32/v2.00/bin/../lib/gcc/pic32mx/4.5.1/../../../../pic32mx/lib/libc.a(_flsbuf_simple.o)
                              /Applications/microchip/mplabc32/v2.00/bin/../lib/gcc/pic32mx/4.5.1/../../../../pic32mx/lib/libc.a(_fputc_simple.o) (_flsbuf)
/Applications/microchip/mplabc32/v2.00/bin/../lib/gcc/pic32mx/4.5.1/../../../../pic32mx/lib/libc.a(_mon_putc.o)
                              /Applications/microchip/mplabc32/v2.00/bin/../lib/gcc/pic32mx/4.5.1/../../../../pic32mx/lib/libc.a(write.o) (_mon_putc)
/Applications/microchip/mplabc32/v2.00/bin/../lib/gcc/pic32mx/4.5.1/../../../../pic32mx/lib/libc.a(c32_uart.o)
                              /Applications/microchip/mplabc32/v2.00/bin/../lib/gcc/pic32mx/4.5.1/../../../../pic32mx/lib/libc.a(_mon_putc.o) (__C32_UART)
/Applications/microchip/mplabc32/v2.00/bin/../lib/gcc/pic32mx/4.5.1/../../../../pic32mx/lib/libm.a(w_asinf.o)
                              build/default/production/_ext/1472/Adxl345.o (asinf)
[...]
Memory Configuration

Name             Origin             Length             Attributes
kseg0_program_mem 0x9d000000         0x00080000         xr
kseg0_boot_mem   0x9fc00490         0x00000970
exception_mem    0x9fc01000         0x00001000
kseg1_boot_mem   0xbfc00000         0x00000490
debug_exec_mem   0xbfc02000         0x00000ff0
config3          0xbfc02ff0         0x00000004
config2          0xbfc02ff4         0x00000004
config1          0xbfc02ff8         0x00000004
config0          0xbfc02ffc         0x00000004
kseg1_data_mem   0xa0000000         0x00020000         w !x
sfrs             0xbf800000         0x00100000
configsfrs       0xbfc02ff0         0x00000010
*default*        0x00000000         0xffffffff

Linker script and memory map

LOAD /Applications/microchip/mplabc32/v2.00/bin/../lib/gcc/pic32mx/4.5.1/../../../../pic32mx/lib/crt0.o
LOAD build/default/production/_ext/1472/Adc-Gruppio.o
LOAD build/default/production/_ext/1472/Adxl345.o
LOAD build/default/production/_ext/1472/App.o
LOAD build/default/production/_ext/1472/Filter.o
LOAD build/default/production/_ext/1472/Grapichs.o
LOAD build/default/production/_ext/1472/HMC6352.o
LOAD build/default/production/_ext/1472/I2C - Gruppio.o
LOAD build/default/production/_ext/1472/IGruppioV2.o
LOAD build/default/production/_ext/1472/ITG3200.o
LOAD build/default/production/_ext/1472/MLX90614.o
LOAD build/default/production/_ext/1472/Pic32mx7.o
LOAD build/default/production/_ext/1472/PicasoSGC.o
LOAD build/default/production/_ext/1472/Timer-PWM-Gruppio.o
LOAD build/default/production/_ext/1472/Uart-Gruppio.o
                0x00000001                __MPLAB_BUILD = 0x1
LOAD /Applications/microchip/mplabc32/v2.00/bin/../lib/gcc/pic32mx/4.5.1/libgcc.a
START GROUP
LOAD /Applications/microchip/mplabc32/v2.00/bin/../lib/gcc/pic32mx/4.5.1/../../../../pic32mx/lib/libdebug.a
LOAD /Applications/microchip/mplabc32/v2.00/bin/../lib/gcc/pic32mx/4.5.1/../../../../pic32mx/lib/libc.a
LOAD /Applications/microchip/mplabc32/v2.00/bin/../lib/gcc/pic32mx/4.5.1/../../../../pic32mx/lib/libm.a
LOAD /Applications/microchip/mplabc32/v2.00/bin/../lib/gcc/pic32mx/4.5.1/../../../../pic32mx/lib/libe.a
LOAD /Applications/microchip/mplabc32/v2.00/bin/../lib/gcc/pic32mx/4.5.1/../../../../pic32mx/lib/libdsp.a
LOAD /Applications/microchip/mplabc32/v2.00/bin/../lib/gcc/pic32mx/4.5.1/../../../../pic32mx/lib/libmchp_peripheral.a
LOAD /Applications/microchip/mplabc32/v2.00/bin/../lib/gcc/pic32mx/4.5.1/../../../../pic32mx/lib/libmchp_peripheral_32MX795F512L.a
END GROUP
LOAD /Applications/microchip/mplabc32/v2.00/bin/../lib/gcc/pic32mx/4.5.1/libgcc.a
                0x00000400                PROVIDE (_min_stack_size, 0x400)
                0x00000000                PROVIDE (_min_heap_size, 0x0)
LOAD /Applications/microchip/mplabc32/v2.00/bin/../lib/gcc/pic32mx/4.5.1/../../../../pic32mx/lib/./proc/32MX795F512L/processor.o
                0x00000001                PROVIDE (_vector_spacing, 0x1)
                0x9fc01000                _ebase_address = 0x9fc01000
                0xbfc00000                _RESET_ADDR = 0xbfc00000
                0xbfc00380                _BEV_EXCPT_ADDR = 0xbfc00380
                0xbfc00480                _DBG_EXCPT_ADDR = 0xbfc00480
                0xbfc02000                _DBG_CODE_ADDR = 0xbfc02000
                0x9fc01180                _GEN_EXCPT_ADDR = (_ebase_address + 0x180)

.config_BFC02FF0
 *(.config_BFC02FF0)

.config_BFC02FF4
                0xbfc02ff4        0x4
 *(.config_BFC02FF4)
 .config_BFC02FF4
                0xbfc02ff4        0x4 build/default/production/_ext/1472/Pic32mx7.o

.config_BFC02FF8
                0xbfc02ff8        0x4
 *(.config_BFC02FF8)
 .config_BFC02FF8
                0xbfc02ff8        0x4 build/default/production/_ext/1472/Pic32mx7.o

.config_BFC02FFC
                0xbfc02ffc        0x4
 *(.config_BFC02FFC)
 .config_BFC02FFC
                0xbfc02ffc        0x4 build/default/production/_ext/1472/Pic32mx7.o

.reset          0xbfc00000      0x1b8
 *(.reset)
 .reset         0xbfc00000       0x10 /Applications/microchip/mplabc32/v2.00/bin/../lib/gcc/pic32mx/4.5.1/../../../../pic32mx/lib/crt0.o
                0xbfc00000                _reset
 *(.reset.startup)
 .reset.startup
                0xbfc00010      0x1a8 /Applications/microchip/mplabc32/v2.00/bin/../lib/gcc/pic32mx/4.5.1/../../../../pic32mx/lib/crt0.o

.bev_excpt      0xbfc00380       0x10
 *(.bev_handler)
 .bev_handler   0xbfc00380       0x10 /Applications/microchip/mplabc32/v2.00/bin/../lib/gcc/pic32mx/4.5.1/../../../../pic32mx/lib/crt0.o

.dbg_excpt      0xbfc00480        0x0
                0xbfc00480                . = (. + DEFINED (_DEBUGGER)?0x8:0x0)

.dbg_code       0xbfc02000        0x0
                0xbfc02000                . = (. + DEFINED (_DEBUGGER)?0xff0:0x0)

.app_excpt      0x9fc01180       0x10
 *(.gen_handler)
 .gen_handler   0x9fc01180       0x10 /Applications/microchip/mplabc32/v2.00/bin/../lib/gcc/pic32mx/4.5.1/../../../../pic32mx/lib/crt0.o

.vector_0       0x9fc01200        0x0
 *(.vector_0)
                0x00000001                ASSERT (((_vector_spacing == 0x0) || (SIZEOF (.vector_0) <= (_vector_spacing << 0x5))), function at exception vector 0 too large)

.vector_1       0x9fc01220        0x0
 *(.vector_1)
                0x00000001                ASSERT (((_vector_spacing == 0x0) || (SIZEOF (.vector_1) <= (_vector_spacing << 0x5))), function at exception vector 1 too large)

.vector_2       0x9fc01240        0x0
 *(.vector_2)
                0x00000001                ASSERT (((_vector_spacing == 0x0) || (SIZEOF (.vector_2) <= (_vector_spacing << 0x5))), function at exception vector 2 too large)

.vector_3       0x9fc01260        0x0
 *(.vector_3)
                0x00000001                ASSERT (((_vector_spacing == 0x0) || (SIZEOF (.vector_3) <= (_vector_spacing << 0x5))), function at exception vector 3 too large)

.vector_4       0x9fc01280        0x0
 *(.vector_4)
                0x00000001                ASSERT (((_vector_spacing == 0x0) || (SIZEOF (.vector_4) <= (_vector_spacing << 0x5))), function at exception vector 4 too large)

.vector_5       0x9fc012a0        0x0
 *(.vector_5)
                0x00000001                ASSERT (((_vector_spacing == 0x0) || (SIZEOF (.vector_5) <= (_vector_spacing << 0x5))), function at exception vector 5 too large)

.vector_6       0x9fc012c0        0x0
 *(.vector_6)
                0x00000001                ASSERT (((_vector_spacing == 0x0) || (SIZEOF (.vector_6) <= (_vector_spacing << 0x5))), function at exception vector 6 too large)

.vector_7       0x9fc012e0        0x8
 *(.vector_7)
 .vector_7      0x9fc012e0        0x8 build/default/production/_ext/1472/Pic32mx7.o
                0x00000001                ASSERT (((_vector_spacing == 0x0) || (SIZEOF (.vector_7) <= (_vector_spacing << 0x5))), function at exception vector 7 too large)

.vector_8       0x9fc01300        0x0
 *(.vector_8)
                0x00000001                ASSERT (((_vector_spacing == 0x0) || (SIZEOF (.vector_8) <= (_vector_spacing << 0x5))), function at exception vector 8 too large)

.vector_9       0x9fc01320        0x0
 *(.vector_9)
                0x00000001                ASSERT (((_vector_spacing == 0x0) || (SIZEOF (.vector_9) <= (_vector_spacing << 0x5))), function at exception vector 9 too large)

.vector_10      0x9fc01340        0x0
 *(.vector_10)
                0x00000001                ASSERT (((_vector_spacing == 0x0) || (SIZEOF (.vector_10) <= (_vector_spacing << 0x5))), function at exception vector 10 too large)

.vector_11      0x9fc01360        0x0
 *(.vector_11)
                0x00000001                ASSERT (((_vector_spacing == 0x0) || (SIZEOF (.vector_11) <= (_vector_spacing << 0x5))), function at exception vector 11 too large)

.vector_12      0x9fc01380        0x0
 *(.vector_12)
                0x00000001                ASSERT (((_vector_spacing == 0x0) || (SIZEOF (.vector_12) <= (_vector_spacing << 0x5))), function at exception vector 12 too large)

.vector_13      0x9fc013a0        0x0
 *(.vector_13)
                0x00000001                ASSERT (((_vector_spacing == 0x0) || (SIZEOF (.vector_13) <= (_vector_spacing << 0x5))), function at exception vector 13 too large)

.vector_14      0x9fc013c0        0x0
 *(.vector_14)
                0x00000001                ASSERT (((_vector_spacing == 0x0) || (SIZEOF (.vector_14) <= (_vector_spacing << 0x5))), function at exception vector 14 too large)

.vector_15      0x9fc013e0        0x0
 *(.vector_15)
                0x00000001                ASSERT (((_vector_spacing == 0x0) || (SIZEOF (.vector_15) <= (_vector_spacing << 0x5))), function at exception vector 15 too large)

.vector_16      0x9fc01400        0x0
 *(.vector_16)
                0x00000001                ASSERT (((_vector_spacing == 0x0) || (SIZEOF (.vector_16) <= (_vector_spacing << 0x5))), function at exception vector 16 too large)

.vector_17      0x9fc01420        0x0
 *(.vector_17)
                0x00000001                ASSERT (((_vector_spacing == 0x0) || (SIZEOF (.vector_17) <= (_vector_spacing << 0x5))), function at exception vector 17 too large)

.vector_18      0x9fc01440        0x0
 *(.vector_18)
                0x00000001                ASSERT (((_vector_spacing == 0x0) || (SIZEOF (.vector_18) <= (_vector_spacing << 0x5))), function at exception vector 18 too large)

.vector_19      0x9fc01460        0x0
 *(.vector_19)
                0x00000001                ASSERT (((_vector_spacing == 0x0) || (SIZEOF (.vector_19) <= (_vector_spacing << 0x5))), function at exception vector 19 too large)

.vector_20      0x9fc01480        0x0
 *(.vector_20)
                0x00000001                ASSERT (((_vector_spacing == 0x0) || (SIZEOF (.vector_20) <= (_vector_spacing << 0x5))), function at exception vector 20 too large)

.vector_21      0x9fc014a0        0x0
 *(.vector_21)
                0x00000001                ASSERT (((_vector_spacing == 0x0) || (SIZEOF (.vector_21) <= (_vector_spacing << 0x5))), function at exception vector 21 too large)

.vector_22      0x9fc014c0        0x0
 *(.vector_22)
                0x00000001                ASSERT (((_vector_spacing == 0x0) || (SIZEOF (.vector_22) <= (_vector_spacing << 0x5))), function at exception vector 22 too large)

.vector_23      0x9fc014e0        0x0
 *(.vector_23)
                0x00000001                ASSERT (((_vector_spacing == 0x0) || (SIZEOF (.vector_23) <= (_vector_spacing << 0x5))), function at exception vector 23 too large)

.vector_24      0x9fc01500        0x0
 *(.vector_24)
                0x00000001                ASSERT (((_vector_spacing == 0x0) || (SIZEOF (.vector_24) <= (_vector_spacing << 0x5))), function at exception vector 24 too large)

.vector_25      0x9fc01520        0x0
 *(.vector_25)
                0x00000001                ASSERT (((_vector_spacing == 0x0) || (SIZEOF (.vector_25) <= (_vector_spacing << 0x5))), function at exception vector 25 too large)

.vector_26      0x9fc01540        0x0
 *(.vector_26)
                0x00000001                ASSERT (((_vector_spacing == 0x0) || (SIZEOF (.vector_26) <= (_vector_spacing << 0x5))), function at exception vector 26 too large)

.vector_27      0x9fc01560        0x0
 *(.vector_27)
                0x00000001                ASSERT (((_vector_spacing == 0x0) || (SIZEOF (.vector_27) <= (_vector_spacing << 0x5))), function at exception vector 27 too large)

.vector_28      0x9fc01580        0x0
 *(.vector_28)
                0x00000001                ASSERT (((_vector_spacing == 0x0) || (SIZEOF (.vector_28) <= (_vector_spacing << 0x5))), function at exception vector 28 too large)

.vector_29      0x9fc015a0        0x0
 *(.vector_29)
                0x00000001                ASSERT (((_vector_spacing == 0x0) || (SIZEOF (.vector_29) <= (_vector_spacing << 0x5))), function at exception vector 29 too large)

.vector_30      0x9fc015c0        0x0
 *(.vector_30)
                0x00000001                ASSERT (((_vector_spacing == 0x0) || (SIZEOF (.vector_30) <= (_vector_spacing << 0x5))), function at exception vector 30 too large)

.vector_31      0x9fc015e0        0x0
 *(.vector_31)
                0x00000001                ASSERT (((_vector_spacing == 0x0) || (SIZEOF (.vector_31) <= (_vector_spacing << 0x5))), function at exception vector 31 too large)

.vector_32      0x9fc01600        0x8
 *(.vector_32)
 .vector_32     0x9fc01600        0x8 build/default/production/_ext/1472/Pic32mx7.o
                0x00000001                ASSERT (((_vector_spacing == 0x0) || (SIZEOF (.vector_32) <= (_vector_spacing << 0x5))), function at exception vector 32 too large)

.vector_33      0x9fc01620        0x0
 *(.vector_33)
                0x00000001                ASSERT (((_vector_spacing == 0x0) || (SIZEOF (.vector_33) <= (_vector_spacing << 0x5))), function at exception vector 33 too large)

.vector_34      0x9fc01640        0x0
 *(.vector_34)
                0x00000001                ASSERT (((_vector_spacing == 0x0) || (SIZEOF (.vector_34) <= (_vector_spacing << 0x5))), function at exception vector 34 too large)

.vector_35      0x9fc01660        0x0
 *(.vector_35)
                0x00000001                ASSERT (((_vector_spacing == 0x0) || (SIZEOF (.vector_35) <= (_vector_spacing << 0x5))), function at exception vector 35 too large)

.vector_36      0x9fc01680        0x0
 *(.vector_36)
                0x00000001                ASSERT (((_vector_spacing == 0x0) || (SIZEOF (.vector_36) <= (_vector_spacing << 0x5))), function at exception vector 36 too large)

.vector_37      0x9fc016a0        0x0
 *(.vector_37)
                0x00000001                ASSERT (((_vector_spacing == 0x0) || (SIZEOF (.vector_37) <= (_vector_spacing << 0x5))), function at exception vector 37 too large)

.vector_38      0x9fc016c0        0x0
 *(.vector_38)
                0x00000001                ASSERT (((_vector_spacing == 0x0) || (SIZEOF (.vector_38) <= (_vector_spacing << 0x5))), function at exception vector 38 too large)

.vector_39      0x9fc016e0        0x0
 *(.vector_39)
                0x00000001                ASSERT (((_vector_spacing == 0x0) || (SIZEOF (.vector_39) <= (_vector_spacing << 0x5))), function at exception vector 39 too large)

.vector_40      0x9fc01700        0x0
 *(.vector_40)
                0x00000001                ASSERT (((_vector_spacing == 0x0) || (SIZEOF (.vector_40) <= (_vector_spacing << 0x5))), function at exception vector 40 too large)

.vector_41      0x9fc01720        0x0
 *(.vector_41)
                0x00000001                ASSERT (((_vector_spacing == 0x0) || (SIZEOF (.vector_41) <= (_vector_spacing << 0x5))), function at exception vector 41 too large)

.vector_42      0x9fc01740        0x0
 *(.vector_42)
                0x00000001                ASSERT (((_vector_spacing == 0x0) || (SIZEOF (.vector_42) <= (_vector_spacing << 0x5))), function at exception vector 42 too large)

.vector_43      0x9fc01760        0x0
 *(.vector_43)
                0x00000001                ASSERT (((_vector_spacing == 0x0) || (SIZEOF (.vector_43) <= (_vector_spacing << 0x5))), function at exception vector 43 too large)

.vector_44      0x9fc01780        0x0
 *(.vector_44)
                0x00000001                ASSERT (((_vector_spacing == 0x0) || (SIZEOF (.vector_44) <= (_vector_spacing << 0x5))), function at exception vector 44 too large)

.vector_45      0x9fc017a0        0x0
 *(.vector_45)
                0x00000001                ASSERT (((_vector_spacing == 0x0) || (SIZEOF (.vector_45) <= (_vector_spacing << 0x5))), function at exception vector 45 too large)

.vector_46      0x9fc017c0        0x0
 *(.vector_46)
                0x00000001                ASSERT (((_vector_spacing == 0x0) || (SIZEOF (.vector_46) <= (_vector_spacing << 0x5))), function at exception vector 46 too large)

.vector_47      0x9fc017e0        0x0
 *(.vector_47)
                0x00000001                ASSERT (((_vector_spacing == 0x0) || (SIZEOF (.vector_47) <= (_vector_spacing << 0x5))), function at exception vector 47 too large)

.vector_48      0x9fc01800        0x0
 *(.vector_48)
                0x00000001                ASSERT (((_vector_spacing == 0x0) || (SIZEOF (.vector_48) <= (_vector_spacing << 0x5))), function at exception vector 48 too large)

.vector_49      0x9fc01820        0x0
 *(.vector_49)
                0x00000001                ASSERT (((_vector_spacing == 0x0) || (SIZEOF (.vector_49) <= (_vector_spacing << 0x5))), function at exception vector 49 too large)

.vector_50      0x9fc01840        0x0
 *(.vector_50)
                0x00000001                ASSERT (((_vector_spacing == 0x0) || (SIZEOF (.vector_50) <= (_vector_spacing << 0x5))), function at exception vector 50 too large)

.vector_51      0x9fc01860        0x0
 *(.vector_51)
                0x00000001                ASSERT (((_vector_spacing == 0x0) || (SIZEOF (.vector_51) <= (_vector_spacing << 0x5))), function at exception vector 51 too large)

.vector_52      0x9fc01880        0x0
 *(.vector_52)
                0x00000001                ASSERT (((_vector_spacing == 0x0) || (SIZEOF (.vector_52) <= (_vector_spacing << 0x5))), function at exception vector 52 too large)

.vector_53      0x9fc018a0        0x0
 *(.vector_53)
                0x00000001                ASSERT (((_vector_spacing == 0x0) || (SIZEOF (.vector_53) <= (_vector_spacing << 0x5))), function at exception vector 53 too large)

.vector_54      0x9fc018c0        0x0
 *(.vector_54)
                0x00000001                ASSERT (((_vector_spacing == 0x0) || (SIZEOF (.vector_54) <= (_vector_spacing << 0x5))), function at exception vector 54 too large)

.vector_55      0x9fc018e0        0x0
 *(.vector_55)
                0x00000001                ASSERT (((_vector_spacing == 0x0) || (SIZEOF (.vector_55) <= (_vector_spacing << 0x5))), function at exception vector 55 too large)

.vector_56      0x9fc01900        0x0
 *(.vector_56)
                0x00000001                ASSERT (((_vector_spacing == 0x0) || (SIZEOF (.vector_56) <= (_vector_spacing << 0x5))), function at exception vector 56 too large)

.vector_57      0x9fc01920        0x0
 *(.vector_57)
                0x00000001                ASSERT (((_vector_spacing == 0x0) || (SIZEOF (.vector_57) <= (_vector_spacing << 0x5))), function at exception vector 57 too large)

.vector_58      0x9fc01940        0x0
 *(.vector_58)
                0x00000001                ASSERT (((_vector_spacing == 0x0) || (SIZEOF (.vector_58) <= (_vector_spacing << 0x5))), function at exception vector 58 too large)

.vector_59      0x9fc01960        0x0
 *(.vector_59)
                0x00000001                ASSERT (((_vector_spacing == 0x0) || (SIZEOF (.vector_59) <= (_vector_spacing << 0x5))), function at exception vector 59 too large)

.vector_60      0x9fc01980        0x0
 *(.vector_60)
                0x00000001                ASSERT (((_vector_spacing == 0x0) || (SIZEOF (.vector_60) <= (_vector_spacing << 0x5))), function at exception vector 60 too large)

.vector_61      0x9fc019a0        0x0
 *(.vector_61)
                0x00000001                ASSERT (((_vector_spacing == 0x0) || (SIZEOF (.vector_61) <= (_vector_spacing << 0x5))), function at exception vector 61 too large)

.vector_62      0x9fc019c0        0x0
 *(.vector_62)
                0x00000001                ASSERT (((_vector_spacing == 0x0) || (SIZEOF (.vector_62) <= (_vector_spacing << 0x5))), function at exception vector 62 too large)

.vector_63      0x9fc019e0        0x0
 *(.vector_63)
                0x00000001                ASSERT (((_vector_spacing == 0x0) || (SIZEOF (.vector_63) <= (_vector_spacing << 0x5))), function at exception vector 63 too large)

.startup
 *(.startup)

.text
 *(.stub .gnu.linkonce.t.*)
 *(.text.*personality*)
 *(.mips16.fn.*)
 *(.mips16.call.*)
 *(.gnu.warning)

.rodata         0x9d000000      0x9f8
 *(.rodata.* .gnu.linkonce.r.*)
 .rodata._ctype
                0x9d000000      0x104 /Applications/microchip/mplabc32/v2.00/bin/../lib/gcc/pic32mx/4.5.1/../../../../pic32mx/lib/libc.a(ctype.o)
                0x9d000000                _ctype
 *fill*         0x9d000104        0x4 00
 .rodata.dpowers
                0x9d000108       0xa0 /Applications/microchip/mplabc32/v2.00/bin/../lib/gcc/pic32mx/4.5.1/../../../../pic32mx/lib/libc.a(doprnt_fF.eo)
 .rodata._powers_f
                0x9d0001a8       0x34 /Applications/microchip/mplabc32/v2.00/bin/../lib/gcc/pic32mx/4.5.1/../../../../pic32mx/lib/libc.a(powers.o)
                0x9d0001a8                _powers_f
 .rodata._npowers_f
                0x9d0001dc       0x34 /Applications/microchip/mplabc32/v2.00/bin/../lib/gcc/pic32mx/4.5.1/../../../../pic32mx/lib/libc.a(powers.o)
                0x9d0001dc                _npowers_f
 .rodata.__IntSrcTbl
                0x9d000210      0x51c /Applications/microchip/mplabc32/v2.00/bin/../lib/gcc/pic32mx/4.5.1/../../../../pic32mx/lib/libmchp_peripheral_32MX795F512L.a(int_tbl_lib.o)
                0x9d000210                __IntSrcTbl
 .rodata.__IntVectorTbl
                0x9d00072c      0x2b8 /Applications/microchip/mplabc32/v2.00/bin/../lib/gcc/pic32mx/4.5.1/../../../../pic32mx/lib/libmchp_peripheral_32MX795F512L.a(int_tbl_lib.o)
                0x9d00072c                __IntVectorTbl
 .rodata.i2cBase
                0x9d0009e4       0x14 /Applications/microchip/mplabc32/v2.00/bin/../lib/gcc/pic32mx/4.5.1/../../../../pic32mx/lib/libmchp_peripheral_32MX795F512L.a(I2CPrivate.o)
                0x9d0009e4                i2cBase
 *(.rodata1)
                0x9d0009f8                . = ALIGN (0x4)

.sdata2         0x9d0009f8        0x0
 *(.sdata2 .sdata2.* .gnu.linkonce.s2.*)
                0x9d0009f8                . = ALIGN (0x4)

.sbss2          0x9d0009f8        0x0
 *(.sbss2 .sbss2.* .gnu.linkonce.sb2.*)
                0x9d0009f8                . = ALIGN (0x4)

.eh_frame_hdr
 *(.eh_frame_hdr)

.eh_frame
 *(.eh_frame)

.dbg_data       0xa0000000        0x0
                0xa0000000                . = (. + DEFINED (_DEBUGGER)?0x200:0x0)

.persist        0xa0000000        0x0
                0xa0000000                _persist_begin = .
 *(.persist .persist.*)
                0xa0000000                . = ALIGN (0x4)
                0xa0000000                _persist_end = .

.eh_frame       0xa0000000       0x30
 *(.eh_frame)
 .eh_frame      0xa0000000       0x20 /Applications/microchip/mplabc32/v2.00/bin/../lib/gcc/pic32mx/4.5.1/libgcc.a(_udivdi3.o)
 .eh_frame      0xa0000020       0x10 /Applications/microchip/mplabc32/v2.00/bin/../lib/gcc/pic32mx/4.5.1/libgcc.a(_umoddi3.o)
                                 0x20 (size before relaxing)
                0xa0000030                . = .
                0xa0008020                _gp = (ALIGN (0x10) + 0x7ff0)

.got
 *(.got.plt)
 *(.got)

.sdata          0xa0000030        0xc
                0xa0000030                _sdata_begin = .
 *(.sdata .sdata.* .gnu.linkonce.s.*)
 .sdata         0xa0000030        0x4 build/default/production/_ext/1472/Pic32mx7.o
                0xa0000030                AppOpen
 .sdata._Files  0xa0000034        0x4 /Applications/microchip/mplabc32/v2.00/bin/../lib/gcc/pic32mx/4.5.1/../../../../pic32mx/lib/libc.a(_iob.o)
                0xa0000034                _Files
 .sdata         0xa0000038        0x4 /Applications/microchip/mplabc32/v2.00/bin/../lib/gcc/pic32mx/4.5.1/../../../../pic32mx/lib/libc.a(c32_uart.o)
                0xa0000038                __C32_UART
                0xa000003c                _sdata_end = .

.lit8
 *(.lit8)

.lit4
 *(.lit4)
                0xa000003c                . = ALIGN (0x4)
                0xa000003c                _data_end = .
                0xa000003c                _bss_begin = .

.sbss           0xa000003c       0x24
                0xa000003c                _sbss_begin = .
 *(.dynsbss)
 *(.sbss .sbss.* .gnu.linkonce.sb.*)
 .sbss          0xa000003c        0xc build/default/production/_ext/1472/Pic32mx7.o
                0xa000003c                Stop
                0xa000003d                NewGPSData
                0xa000003e                GPSInit
                0xa0000040                GPSDataLenght
                0xa0000044                RxIndex
 .sbss._outdone
                0xa0000048        0x1 /Applications/microchip/mplabc32/v2.00/bin/../lib/gcc/pic32mx/4.5.1/../../../../pic32mx/lib/libc.a(_iob.o)
                0xa0000048                _outdone
 *fill*         0xa0000049        0x3 00
 .sbss.errno    0xa000004c        0x4 /Applications/microchip/mplabc32/v2.00/bin/../lib/gcc/pic32mx/4.5.1/../../../../pic32mx/lib/libc.a(errno.o)
                0xa000004c                errno
 *(.scommon)
 .scommon       0xa0000050       0x10 build/default/production/_ext/1472/Pic32mx7.o
                0xa0000050                Pag
                0xa0000054                NApp
                0xa0000058                WriteCol
                0xa000005c                BackgroundCol
                0xa0000060                _sbss_end = .

.bss            0xa0000060      0x200
 *(.dynbss)
 *(COMMON)
 COMMON         0xa0000060      0x200 build/default/production/_ext/1472/Pic32mx7.o
                0xa0000060                RxBuffer
                0xa0000160                GPSData
                0xa0000260                . = ALIGN (0x4)
                0xa0000260                . = ALIGN (0x4)
                0xa0000260                _end = .
                0xa0000260                _bss_end = .
                0x00020000                _bmxdudba_address = 0x20000
                0x00020000                _bmxdupba_address = 0x20000

/DISCARD/
 *(.pdr)
 *(.reginfo)
 *(.rel.dyn)
 *(.note.GNU-stack)
 *(.note.GNU-stack)
 *(.gnu_debuglink)
 *(.gnu.lto_*)
 *(.discard)

.stab
 *(.stab)

.stabstr
 *(.stabstr)

.stab.excl
 *(.stab.excl)

.stab.exclstr
 *(.stab.exclstr)

.stab.index
 *(.stab.index)

.stab.indexstr
 *(.stab.indexstr)

.comment        0x00000000      0x1e1
 *(.comment)
 .comment       0x00000000       0x51 build/default/production/_ext/1472/Adc-Gruppio.o
                                 0x52 (size before relaxing)
 .comment       0x00000000       0x52 build/default/production/_ext/1472/Adxl345.o
 .comment       0x00000000       0x52 build/default/production/_ext/1472/App.o
 .comment       0x00000000       0x52 build/default/production/_ext/1472/Filter.o
 .comment       0x00000000       0x52 build/default/production/_ext/1472/Grapichs.o
 .comment       0x00000000       0x52 build/default/production/_ext/1472/HMC6352.o
 .comment       0x00000000       0x52 build/default/production/_ext/1472/I2C - Gruppio.o
 .comment       0x00000000       0x52 build/default/production/_ext/1472/IGruppioV2.o
 .comment       0x00000000       0x52 build/default/production/_ext/1472/ITG3200.o
 .comment       0x00000000       0x52 build/default/production/_ext/1472/MLX90614.o
 .comment       0x00000000       0x52 build/default/production/_ext/1472/Pic32mx7.o
 .comment       0x00000000       0x52 build/default/production/_ext/1472/PicasoSGC.o
 .comment       0x00000000       0x52 build/default/production/_ext/1472/Timer-PWM-Gruppio.o
 .comment       0x00000000       0x52 build/default/production/_ext/1472/Uart-Gruppio.o
 .comment       0x00000051       0x55 /Applications/microchip/mplabc32/v2.00/bin/../lib/gcc/pic32mx/4.5.1/../../../../pic32mx/lib/libc.a(strlen.o)
                                 0x56 (size before relaxing)
 .comment       0x000000a6       0x4f /Applications/microchip/mplabc32/v2.00/bin/../lib/gcc/pic32mx/4.5.1/../../../../pic32mx/lib/libc.a(ctypef.o)
                                 0xa1 (size before relaxing)
 .comment       0x00000000       0x52 /Applications/microchip/mplabc32/v2.00/bin/../lib/gcc/pic32mx/4.5.1/../../../../pic32mx/lib/libc.a(sprintf_fF.eo)
 .comment       0x00000000       0x52 /Applications/microchip/mplabc32/v2.00/bin/../lib/gcc/pic32mx/4.5.1/../../../../pic32mx/lib/libc.a(default-general-exception-handler.o)
 .comment       0x00000000       0x52 /Applications/microchip/mplabc32/v2.00/bin/../lib/gcc/pic32mx/4.5.1/../../../../pic32mx/lib/libc.a(default-bootstrap-exception-handler.o)
 .comment       0x00000000       0x52 /Applications/microchip/mplabc32/v2.00/bin/../lib/gcc/pic32mx/4.5.1/../../../../pic32mx/lib/libc.a(default-on-reset.o)
 .comment       0x00000000       0x52 /Applications/microchip/mplabc32/v2.00/bin/../lib/gcc/pic32mx/4.5.1/../../../../pic32mx/lib/libc.a(default-on-bootstrap.o)
 .comment       0x000000f5       0x4e /Applications/microchip/mplabc32/v2.00/bin/../lib/gcc/pic32mx/4.5.1/../../../../pic32mx/lib/libc.a(ctype.o)
                                 0xa0 (size before relaxing)
 .comment       0x00000000       0x52 /Applications/microchip/mplabc32/v2.00/bin/../lib/gcc/pic32mx/4.5.1/../../../../pic32mx/lib/libc.a(doprnt_fF.eo)
 .comment       0x00000000       0x52 /Applications/microchip/mplabc32/v2.00/bin/../lib/gcc/pic32mx/4.5.1/../../../../pic32mx/lib/libc.a(_fputc_simple.o)
 .comment       0x00000000       0x52 /Applications/microchip/mplabc32/v2.00/bin/../lib/gcc/pic32mx/4.5.1/../../../../pic32mx/lib/libc.a(powers.o)
 .comment       0x00000000       0x52 /Applications/microchip/mplabc32/v2.00/bin/../lib/gcc/pic32mx/4.5.1/../../../../pic32mx/lib/libc.a(write.o)
 .comment       0x00000000       0x52 /Applications/microchip/mplabc32/v2.00/bin/../lib/gcc/pic32mx/4.5.1/../../../../pic32mx/lib/libc.a(_iob.o)
 .comment       0x00000000       0x52 /Applications/microchip/mplabc32/v2.00/bin/../lib/gcc/pic32mx/4.5.1/../../../../pic32mx/lib/libc.a(_flsbuf_simple.o)
 .comment       0x00000000       0x52 /Applications/microchip/mplabc32/v2.00/bin/../lib/gcc/pic32mx/4.5.1/../../../../pic32mx/lib/libc.a(_mon_putc.o)
 .comment       0x00000000       0x52 /Applications/microchip/mplabc32/v2.00/bin/../lib/gcc/pic32mx/4.5.1/../../../../pic32mx/lib/libc.a(c32_uart.o)
 .comment       0x00000000       0x52 /Applications/microchip/mplabc32/v2.00/bin/../lib/gcc/pic32mx/4.5.1/../../../../pic32mx/lib/libm.a(w_asinf.o)
 .comment       0x00000000       0x52 /Applications/microchip/mplabc32/v2.00/bin/../lib/gcc/pic32mx/4.5.1/../../../../pic32mx/lib/libm.a(w_sqrtf.o)
 .comment       0x00000000       0x52 /Applications/microchip/mplabc32/v2.00/bin/../lib/gcc/pic32mx/4.5.1/../../../../pic32mx/lib/libm.a(s_lib_ver.o)
 .comment       0x00000143       0x9e /Applications/microchip/mplabc32/v2.00/bin/../lib/gcc/pic32mx/4.5.1/../../../../pic32mx/lib/libe.a(_floatdisf.o)
                                 0xf0 (size before relaxing)
 .comment       0x00000000       0x52 /Applications/microchip/mplabc32/v2.00/bin/../lib/gcc/pic32mx/4.5.1/../../../../pic32mx/lib/libmchp_peripheral_32MX795F512L.a(int_configure_system_lib.o)
 .comment       0x00000000       0x52 /Applications/microchip/mplabc32/v2.00/bin/../lib/gcc/pic32mx/4.5.1/../../../../pic32mx/lib/libmchp_peripheral_32MX795F512L.a(int_enable_interrupts_lib.o)
 .comment       0x00000000       0x52 /Applications/microchip/mplabc32/v2.00/bin/../lib/gcc/pic32mx/4.5.1/../../../../pic32mx/lib/libmchp_peripheral_32MX795F512L.a(int_enable_mv_int_lib.o)
 .comment       0x00000000       0x52 /Applications/microchip/mplabc32/v2.00/bin/../lib/gcc/pic32mx/4.5.1/../../../../pic32mx/lib/libmchp_peripheral_32MX795F512L.a(int_tbl_lib.o)
 .comment       0x00000000       0x52 /Applications/microchip/mplabc32/v2.00/bin/../lib/gcc/pic32mx/4.5.1/../../../../pic32mx/lib/libmchp_peripheral_32MX795F512L.a(I2CAcknowledgeByte.o)
 .comment       0x00000000       0x52 /Applications/microchip/mplabc32/v2.00/bin/../lib/gcc/pic32mx/4.5.1/../../../../pic32mx/lib/libmchp_peripheral_32MX795F512L.a(I2CByteWasAcknowledged.o)
 .comment       0x00000000       0x52 /Applications/microchip/mplabc32/v2.00/bin/../lib/gcc/pic32mx/4.5.1/../../../../pic32mx/lib/libmchp_peripheral_32MX795F512L.a(I2CGetByte.o)
 .comment       0x00000000       0x52 /Applications/microchip/mplabc32/v2.00/bin/../lib/gcc/pic32mx/4.5.1/../../../../pic32mx/lib/libmchp_peripheral_32MX795F512L.a(I2CReceiverEnable.o)
 .comment       0x00000000       0x52 /Applications/microchip/mplabc32/v2.00/bin/../lib/gcc/pic32mx/4.5.1/../../../../pic32mx/lib/libmchp_peripheral_32MX795F512L.a(I2CRepeatStart.o)
 .comment       0x00000000       0x52 /Applications/microchip/mplabc32/v2.00/bin/../lib/gcc/pic32mx/4.5.1/../../../../pic32mx/lib/libmchp_peripheral_32MX795F512L.a(I2CSendByte.o)
 .comment       0x00000000       0x52 /Applications/microchip/mplabc32/v2.00/bin/../lib/gcc/pic32mx/4.5.1/../../../../pic32mx/lib/libmchp_peripheral_32MX795F512L.a(I2CStart.o)
 .comment       0x00000000       0x52 /Applications/microchip/mplabc32/v2.00/bin/../lib/gcc/pic32mx/4.5.1/../../../../pic32mx/lib/libmchp_peripheral_32MX795F512L.a(I2CStop.o)
 .comment       0x00000000       0x52 /Applications/microchip/mplabc32/v2.00/bin/../lib/gcc/pic32mx/4.5.1/../../../../pic32mx/lib/libmchp_peripheral_32MX795F512L.a(I2CTransmissionHasCompleted.o)
 .comment       0x00000000       0x52 /Applications/microchip/mplabc32/v2.00/bin/../lib/gcc/pic32mx/4.5.1/../../../../pic32mx/lib/libmchp_peripheral_32MX795F512L.a(I2CPrivate.o)
 .comment       0x00000000       0x52 /Applications/microchip/mplabc32/v2.00/bin/../lib/gcc/pic32mx/4.5.1/../../../../pic32mx/lib/libc.a(errno.o)
 .comment       0x00000000       0x52 /Applications/microchip/mplabc32/v2.00/bin/../lib/gcc/pic32mx/4.5.1/libgcc.a(_floatundisf.o)
 .comment       0x00000000       0x52 /Applications/microchip/mplabc32/v2.00/bin/../lib/gcc/pic32mx/4.5.1/libgcc.a(_udivdi3.o)
 .comment       0x00000000       0x52 /Applications/microchip/mplabc32/v2.00/bin/../lib/gcc/pic32mx/4.5.1/libgcc.a(_umoddi3.o)
 .comment       0x00000000       0x52 /Applications/microchip/mplabc32/v2.00/bin/../lib/gcc/pic32mx/4.5.1/libgcc.a(floatunsisf.o)

.debug
 *(.debug)

.line
 *(.line)

.debug_srcinfo
 *(.debug_srcinfo)

.debug_sfnames
 *(.debug_sfnames)

.debug_aranges  0x00000000      0x4a8
 *(.debug_aranges)
 .debug_aranges
                0x00000000       0xa0 /Applications/microchip/mplabc32/v2.00/bin/../lib/gcc/pic32mx/4.5.1/../../../../pic32mx/lib/libc.a(ctypef.o)
 .debug_aranges
                0x000000a0       0x20 /Applications/microchip/mplabc32/v2.00/bin/../lib/gcc/pic32mx/4.5.1/../../../../pic32mx/lib/libc.a(sprintf_fF.eo)
 .debug_aranges
                0x000000c0       0x20 /Applications/microchip/mplabc32/v2.00/bin/../lib/gcc/pic32mx/4.5.1/../../../../pic32mx/lib/libc.a(default-general-exception-handler.o)
 .debug_aranges
                0x000000e0       0x20 /Applications/microchip/mplabc32/v2.00/bin/../lib/gcc/pic32mx/4.5.1/../../../../pic32mx/lib/libc.a(default-bootstrap-exception-handler.o)
 .debug_aranges
                0x00000100       0x20 /Applications/microchip/mplabc32/v2.00/bin/../lib/gcc/pic32mx/4.5.1/../../../../pic32mx/lib/libc.a(default-on-reset.o)
 .debug_aranges
                0x00000120       0x20 /Applications/microchip/mplabc32/v2.00/bin/../lib/gcc/pic32mx/4.5.1/../../../../pic32mx/lib/libc.a(default-on-bootstrap.o)
 .debug_aranges
                0x00000140       0x28 /Applications/microchip/mplabc32/v2.00/bin/../lib/gcc/pic32mx/4.5.1/../../../../pic32mx/lib/libc.a(doprnt_fF.eo)
 .debug_aranges
                0x00000168       0x20 /Applications/microchip/mplabc32/v2.00/bin/../lib/gcc/pic32mx/4.5.1/../../../../pic32mx/lib/libc.a(_fputc_simple.o)
 .debug_aranges
                0x00000188       0x20 /Applications/microchip/mplabc32/v2.00/bin/../lib/gcc/pic32mx/4.5.1/../../../../pic32mx/lib/libc.a(write.o)
 .debug_aranges
                0x000001a8       0x20 /Applications/microchip/mplabc32/v2.00/bin/../lib/gcc/pic32mx/4.5.1/../../../../pic32mx/lib/libc.a(_flsbuf_simple.o)
 .debug_aranges
                0x000001c8       0x20 /Applications/microchip/mplabc32/v2.00/bin/../lib/gcc/pic32mx/4.5.1/../../../../pic32mx/lib/libc.a(_mon_putc.o)
 .debug_aranges
                0x000001e8       0x20 /Applications/microchip/mplabc32/v2.00/bin/../lib/gcc/pic32mx/4.5.1/../../../../pic32mx/lib/libm.a(w_asinf.o)
 .debug_aranges
                0x00000208       0x20 /Applications/microchip/mplabc32/v2.00/bin/../lib/gcc/pic32mx/4.5.1/../../../../pic32mx/lib/libm.a(w_sqrtf.o)
 .debug_aranges
                0x00000228       0x20 /Applications/microchip/mplabc32/v2.00/bin/../lib/gcc/pic32mx/4.5.1/../../../../pic32mx/lib/libe.a(_floatdisf.o)
 .debug_aranges
                0x00000248       0x20 /Applications/microchip/mplabc32/v2.00/bin/../lib/gcc/pic32mx/4.5.1/../../../../pic32mx/lib/libmchp_peripheral_32MX795F512L.a(int_configure_system_lib.o)
 .debug_aranges
                0x00000268       0x20 /Applications/microchip/mplabc32/v2.00/bin/../lib/gcc/pic32mx/4.5.1/../../../../pic32mx/lib/libmchp_peripheral_32MX795F512L.a(int_enable_interrupts_lib.o)
 .debug_aranges
                0x00000288       0x20 /Applications/microchip/mplabc32/v2.00/bin/../lib/gcc/pic32mx/4.5.1/../../../../pic32mx/lib/libmchp_peripheral_32MX795F512L.a(int_enable_mv_int_lib.o)
 .debug_aranges
                0x000002a8       0x60 /Applications/microchip/mplabc32/v2.00/bin/../lib/gcc/pic32mx/4.5.1/../../../../pic32mx/lib/libmchp_peripheral_32MX795F512L.a(int_tbl_lib.o)
 .debug_aranges
                0x00000308       0x20 /Applications/microchip/mplabc32/v2.00/bin/../lib/gcc/pic32mx/4.5.1/../../../../pic32mx/lib/libmchp_peripheral_32MX795F512L.a(I2CAcknowledgeByte.o)
 .debug_aranges
                0x00000328       0x20 /Applications/microchip/mplabc32/v2.00/bin/../lib/gcc/pic32mx/4.5.1/../../../../pic32mx/lib/libmchp_peripheral_32MX795F512L.a(I2CByteWasAcknowledged.o)
 .debug_aranges
                0x00000348       0x20 /Applications/microchip/mplabc32/v2.00/bin/../lib/gcc/pic32mx/4.5.1/../../../../pic32mx/lib/libmchp_peripheral_32MX795F512L.a(I2CGetByte.o)
 .debug_aranges
                0x00000368       0x20 /Applications/microchip/mplabc32/v2.00/bin/../lib/gcc/pic32mx/4.5.1/../../../../pic32mx/lib/libmchp_peripheral_32MX795F512L.a(I2CReceiverEnable.o)
 .debug_aranges
                0x00000388       0x20 /Applications/microchip/mplabc32/v2.00/bin/../lib/gcc/pic32mx/4.5.1/../../../../pic32mx/lib/libmchp_peripheral_32MX795F512L.a(I2CRepeatStart.o)
 .debug_aranges
                0x000003a8       0x20 /Applications/microchip/mplabc32/v2.00/bin/../lib/gcc/pic32mx/4.5.1/../../../../pic32mx/lib/libmchp_peripheral_32MX795F512L.a(I2CSendByte.o)
 .debug_aranges
                0x000003c8       0x20 /Applications/microchip/mplabc32/v2.00/bin/../lib/gcc/pic32mx/4.5.1/../../../../pic32mx/lib/libmchp_peripheral_32MX795F512L.a(I2CStart.o)
 .debug_aranges
                0x000003e8       0x20 /Applications/microchip/mplabc32/v2.00/bin/../lib/gcc/pic32mx/4.5.1/../../../../pic32mx/lib/libmchp_peripheral_32MX795F512L.a(I2CStop.o)
 .debug_aranges
                0x00000408       0x20 /Applications/microchip/mplabc32/v2.00/bin/../lib/gcc/pic32mx/4.5.1/../../../../pic32mx/lib/libmchp_peripheral_32MX795F512L.a(I2CTransmissionHasCompleted.o)
 .debug_aranges
                0x00000428       0x20 /Applications/microchip/mplabc32/v2.00/bin/../lib/gcc/pic32mx/4.5.1/libgcc.a(_floatundisf.o)
 .debug_aranges
                0x00000448       0x20 /Applications/microchip/mplabc32/v2.00/bin/../lib/gcc/pic32mx/4.5.1/libgcc.a(_udivdi3.o)
 .debug_aranges
                0x00000468       0x20 /Applications/microchip/mplabc32/v2.00/bin/../lib/gcc/pic32mx/4.5.1/libgcc.a(_umoddi3.o)
 .debug_aranges
                0x00000488       0x20 /Applications/microchip/mplabc32/v2.00/bin/../lib/gcc/pic32mx/4.5.1/libgcc.a(floatunsisf.o)

.debug_pubnames
                0x00000000      0x5ce
 *(.debug_pubnames)
 .debug_pubnames
                0x00000000       0xe1 /Applications/microchip/mplabc32/v2.00/bin/../lib/gcc/pic32mx/4.5.1/../../../../pic32mx/lib/libc.a(ctypef.o)
 .debug_pubnames
                0x000000e1       0x22 /Applications/microchip/mplabc32/v2.00/bin/../lib/gcc/pic32mx/4.5.1/../../../../pic32mx/lib/libc.a(sprintf_fF.eo)
 .debug_pubnames
                0x00000103       0x31 /Applications/microchip/mplabc32/v2.00/bin/../lib/gcc/pic32mx/4.5.1/../../../../pic32mx/lib/libc.a(default-general-exception-handler.o)
 .debug_pubnames
                0x00000134       0x33 /Applications/microchip/mplabc32/v2.00/bin/../lib/gcc/pic32mx/4.5.1/../../../../pic32mx/lib/libc.a(default-bootstrap-exception-handler.o)
 .debug_pubnames
                0x00000167       0x20 /Applications/microchip/mplabc32/v2.00/bin/../lib/gcc/pic32mx/4.5.1/../../../../pic32mx/lib/libc.a(default-on-reset.o)
 .debug_pubnames
                0x00000187       0x24 /Applications/microchip/mplabc32/v2.00/bin/../lib/gcc/pic32mx/4.5.1/../../../../pic32mx/lib/libc.a(default-on-bootstrap.o)
 .debug_pubnames
                0x000001ab       0x23 /Applications/microchip/mplabc32/v2.00/bin/../lib/gcc/pic32mx/4.5.1/../../../../pic32mx/lib/libc.a(doprnt_fF.eo)
 .debug_pubnames
                0x000001ce       0x1c /Applications/microchip/mplabc32/v2.00/bin/../lib/gcc/pic32mx/4.5.1/../../../../pic32mx/lib/libc.a(_fputc_simple.o)
 .debug_pubnames
                0x000001ea       0x1c /Applications/microchip/mplabc32/v2.00/bin/../lib/gcc/pic32mx/4.5.1/../../../../pic32mx/lib/libc.a(write.o)
 .debug_pubnames
                0x00000206       0x1e /Applications/microchip/mplabc32/v2.00/bin/../lib/gcc/pic32mx/4.5.1/../../../../pic32mx/lib/libc.a(_flsbuf_simple.o)
 .debug_pubnames
                0x00000224       0x20 /Applications/microchip/mplabc32/v2.00/bin/../lib/gcc/pic32mx/4.5.1/../../../../pic32mx/lib/libc.a(_mon_putc.o)
 .debug_pubnames
                0x00000244       0x1c /Applications/microchip/mplabc32/v2.00/bin/../lib/gcc/pic32mx/4.5.1/../../../../pic32mx/lib/libm.a(w_asinf.o)
 .debug_pubnames
                0x00000260       0x1c /Applications/microchip/mplabc32/v2.00/bin/../lib/gcc/pic32mx/4.5.1/../../../../pic32mx/lib/libm.a(w_sqrtf.o)
 .debug_pubnames
                0x0000027c       0x22 /Applications/microchip/mplabc32/v2.00/bin/../lib/gcc/pic32mx/4.5.1/../../../../pic32mx/lib/libe.a(_floatdisf.o)
 .debug_pubnames
                0x0000029e       0x29 /Applications/microchip/mplabc32/v2.00/bin/../lib/gcc/pic32mx/4.5.1/../../../../pic32mx/lib/libmchp_peripheral_32MX795F512L.a(int_configure_system_lib.o)
 .debug_pubnames
                0x000002c7       0x2a /Applications/microchip/mplabc32/v2.00/bin/../lib/gcc/pic32mx/4.5.1/../../../../pic32mx/lib/libmchp_peripheral_32MX795F512L.a(int_enable_interrupts_lib.o)
 .debug_pubnames
                0x000002f1       0x36 /Applications/microchip/mplabc32/v2.00/bin/../lib/gcc/pic32mx/4.5.1/../../../../pic32mx/lib/libmchp_peripheral_32MX795F512L.a(int_enable_mv_int_lib.o)
 .debug_pubnames
                0x00000327       0xca /Applications/microchip/mplabc32/v2.00/bin/../lib/gcc/pic32mx/4.5.1/../../../../pic32mx/lib/libmchp_peripheral_32MX795F512L.a(int_tbl_lib.o)
 .debug_pubnames
                0x000003f1       0x29 /Applications/microchip/mplabc32/v2.00/bin/../lib/gcc/pic32mx/4.5.1/../../../../pic32mx/lib/libmchp_peripheral_32MX795F512L.a(I2CAcknowledgeByte.o)
 .debug_pubnames
                0x0000041a       0x2d /Applications/microchip/mplabc32/v2.00/bin/../lib/gcc/pic32mx/4.5.1/../../../../pic32mx/lib/libmchp_peripheral_32MX795F512L.a(I2CByteWasAcknowledged.o)
 .debug_pubnames
                0x00000447       0x21 /Applications/microchip/mplabc32/v2.00/bin/../lib/gcc/pic32mx/4.5.1/../../../../pic32mx/lib/libmchp_peripheral_32MX795F512L.a(I2CGetByte.o)
 .debug_pubnames
                0x00000468       0x28 /Applications/microchip/mplabc32/v2.00/bin/../lib/gcc/pic32mx/4.5.1/../../../../pic32mx/lib/libmchp_peripheral_32MX795F512L.a(I2CReceiverEnable.o)
 .debug_pubnames
                0x00000490       0x25 /Applications/microchip/mplabc32/v2.00/bin/../lib/gcc/pic32mx/4.5.1/../../../../pic32mx/lib/libmchp_peripheral_32MX795F512L.a(I2CRepeatStart.o)
 .debug_pubnames
                0x000004b5       0x22 /Applications/microchip/mplabc32/v2.00/bin/../lib/gcc/pic32mx/4.5.1/../../../../pic32mx/lib/libmchp_peripheral_32MX795F512L.a(I2CSendByte.o)
 .debug_pubnames
                0x000004d7       0x1f /Applications/microchip/mplabc32/v2.00/bin/../lib/gcc/pic32mx/4.5.1/../../../../pic32mx/lib/libmchp_peripheral_32MX795F512L.a(I2CStart.o)
 .debug_pubnames
                0x000004f6       0x1e /Applications/microchip/mplabc32/v2.00/bin/../lib/gcc/pic32mx/4.5.1/../../../../pic32mx/lib/libmchp_peripheral_32MX795F512L.a(I2CStop.o)
 .debug_pubnames
                0x00000514       0x32 /Applications/microchip/mplabc32/v2.00/bin/../lib/gcc/pic32mx/4.5.1/../../../../pic32mx/lib/libmchp_peripheral_32MX795F512L.a(I2CTransmissionHasCompleted.o)
 .debug_pubnames
                0x00000546       0x24 /Applications/microchip/mplabc32/v2.00/bin/../lib/gcc/pic32mx/4.5.1/libgcc.a(_floatundisf.o)
 .debug_pubnames
                0x0000056a       0x20 /Applications/microchip/mplabc32/v2.00/bin/../lib/gcc/pic32mx/4.5.1/libgcc.a(_udivdi3.o)
 .debug_pubnames
                0x0000058a       0x20 /Applications/microchip/mplabc32/v2.00/bin/../lib/gcc/pic32mx/4.5.1/libgcc.a(_umoddi3.o)
 .debug_pubnames
                0x000005aa       0x24 /Applications/microchip/mplabc32/v2.00/bin/../lib/gcc/pic32mx/4.5.1/libgcc.a(floatunsisf.o)

.debug_info     0x00000000     0x2e27
 *(.debug_info .gnu.linkonce.wi.*)
 .debug_info    0x00000000      0x235 /Applications/microchip/mplabc32/v2.00/bin/../lib/gcc/pic32mx/4.5.1/../../../../pic32mx/lib/libc.a(ctypef.o)
 .debug_info    0x00000235       0xde /Applications/microchip/mplabc32/v2.00/bin/../lib/gcc/pic32mx/4.5.1/../../../../pic32mx/lib/libc.a(sprintf_fF.eo)
 .debug_info    0x00000313      0x102 /Applications/microchip/mplabc32/v2.00/bin/../lib/gcc/pic32mx/4.5.1/../../../../pic32mx/lib/libc.a(default-general-exception-handler.o)
 .debug_info    0x00000415      0x106 /Applications/microchip/mplabc32/v2.00/bin/../lib/gcc/pic32mx/4.5.1/../../../../pic32mx/lib/libc.a(default-bootstrap-exception-handler.o)
 .debug_info    0x0000051b       0xe0 /Applications/microchip/mplabc32/v2.00/bin/../lib/gcc/pic32mx/4.5.1/../../../../pic32mx/lib/libc.a(default-on-reset.o)
 .debug_info    0x000005fb       0xe8 /Applications/microchip/mplabc32/v2.00/bin/../lib/gcc/pic32mx/4.5.1/../../../../pic32mx/lib/libc.a(default-on-bootstrap.o)
 .debug_info    0x000006e3        0x0 /Applications/microchip/mplabc32/v2.00/bin/../lib/gcc/pic32mx/4.5.1/../../../../pic32mx/lib/libc.a(ctype.o)
 .debug_info    0x000006e3       0xff /Applications/microchip/mplabc32/v2.00/bin/../lib/gcc/pic32mx/4.5.1/../../../../pic32mx/lib/libc.a(doprnt_fF.eo)
 .debug_info    0x000007e2       0xd6 /Applications/microchip/mplabc32/v2.00/bin/../lib/gcc/pic32mx/4.5.1/../../../../pic32mx/lib/libc.a(_fputc_simple.o)
 .debug_info    0x000008b8        0x0 /Applications/microchip/mplabc32/v2.00/bin/../lib/gcc/pic32mx/4.5.1/../../../../pic32mx/lib/libc.a(powers.o)
 .debug_info    0x000008b8       0xd1 /Applications/microchip/mplabc32/v2.00/bin/../lib/gcc/pic32mx/4.5.1/../../../../pic32mx/lib/libc.a(write.o)
 .debug_info    0x00000989        0x0 /Applications/microchip/mplabc32/v2.00/bin/../lib/gcc/pic32mx/4.5.1/../../../../pic32mx/lib/libc.a(_iob.o)
 .debug_info    0x00000989       0xd9 /Applications/microchip/mplabc32/v2.00/bin/../lib/gcc/pic32mx/4.5.1/../../../../pic32mx/lib/libc.a(_flsbuf_simple.o)
 .debug_info    0x00000a62       0xd9 /Applications/microchip/mplabc32/v2.00/bin/../lib/gcc/pic32mx/4.5.1/../../../../pic32mx/lib/libc.a(_mon_putc.o)
 .debug_info    0x00000b3b        0x0 /Applications/microchip/mplabc32/v2.00/bin/../lib/gcc/pic32mx/4.5.1/../../../../pic32mx/lib/libc.a(c32_uart.o)
 .debug_info    0x00000b3b       0xd4 /Applications/microchip/mplabc32/v2.00/bin/../lib/gcc/pic32mx/4.5.1/../../../../pic32mx/lib/libm.a(w_asinf.o)
 .debug_info    0x00000c0f       0xd4 /Applications/microchip/mplabc32/v2.00/bin/../lib/gcc/pic32mx/4.5.1/../../../../pic32mx/lib/libm.a(w_sqrtf.o)
 .debug_info    0x00000ce3        0x0 /Applications/microchip/mplabc32/v2.00/bin/../lib/gcc/pic32mx/4.5.1/../../../../pic32mx/lib/libm.a(s_lib_ver.o)
 .debug_info    0x00000ce3       0xf3 /Applications/microchip/mplabc32/v2.00/bin/../lib/gcc/pic32mx/4.5.1/../../../../pic32mx/lib/libe.a(_floatdisf.o)
 .debug_info    0x00000dd6       0xfc /Applications/microchip/mplabc32/v2.00/bin/../lib/gcc/pic32mx/4.5.1/../../../../pic32mx/lib/libmchp_peripheral_32MX795F512L.a(int_configure_system_lib.o)
 .debug_info    0x00000ed2       0xfe /Applications/microchip/mplabc32/v2.00/bin/../lib/gcc/pic32mx/4.5.1/../../../../pic32mx/lib/libmchp_peripheral_32MX795F512L.a(int_enable_interrupts_lib.o)
 .debug_info    0x00000fd0      0x106 /Applications/microchip/mplabc32/v2.00/bin/../lib/gcc/pic32mx/4.5.1/../../../../pic32mx/lib/libmchp_peripheral_32MX795F512L.a(int_enable_mv_int_lib.o)
 .debug_info    0x000010d6      0x1e0 /Applications/microchip/mplabc32/v2.00/bin/../lib/gcc/pic32mx/4.5.1/../../../../pic32mx/lib/libmchp_peripheral_32MX795F512L.a(int_tbl_lib.o)
 .debug_info    0x000012b6       0xf6 /Applications/microchip/mplabc32/v2.00/bin/../lib/gcc/pic32mx/4.5.1/../../../../pic32mx/lib/libmchp_peripheral_32MX795F512L.a(I2CAcknowledgeByte.o)
 .debug_info    0x000013ac       0xfe /Applications/microchip/mplabc32/v2.00/bin/../lib/gcc/pic32mx/4.5.1/../../../../pic32mx/lib/libmchp_peripheral_32MX795F512L.a(I2CByteWasAcknowledged.o)
 .debug_info    0x000014aa       0xe6 /Applications/microchip/mplabc32/v2.00/bin/../lib/gcc/pic32mx/4.5.1/../../../../pic32mx/lib/libmchp_peripheral_32MX795F512L.a(I2CGetByte.o)
 .debug_info    0x00001590       0xf4 /Applications/microchip/mplabc32/v2.00/bin/../lib/gcc/pic32mx/4.5.1/../../../../pic32mx/lib/libmchp_peripheral_32MX795F512L.a(I2CReceiverEnable.o)
 .debug_info    0x00001684       0xee /Applications/microchip/mplabc32/v2.00/bin/../lib/gcc/pic32mx/4.5.1/../../../../pic32mx/lib/libmchp_peripheral_32MX795F512L.a(I2CRepeatStart.o)
 .debug_info    0x00001772       0xe8 /Applications/microchip/mplabc32/v2.00/bin/../lib/gcc/pic32mx/4.5.1/../../../../pic32mx/lib/libmchp_peripheral_32MX795F512L.a(I2CSendByte.o)
 .debug_info    0x0000185a       0xe2 /Applications/microchip/mplabc32/v2.00/bin/../lib/gcc/pic32mx/4.5.1/../../../../pic32mx/lib/libmchp_peripheral_32MX795F512L.a(I2CStart.o)
 .debug_info    0x0000193c       0xe0 /Applications/microchip/mplabc32/v2.00/bin/../lib/gcc/pic32mx/4.5.1/../../../../pic32mx/lib/libmchp_peripheral_32MX795F512L.a(I2CStop.o)
 .debug_info    0x00001a1c      0x108 /Applications/microchip/mplabc32/v2.00/bin/../lib/gcc/pic32mx/4.5.1/../../../../pic32mx/lib/libmchp_peripheral_32MX795F512L.a(I2CTransmissionHasCompleted.o)
 .debug_info    0x00001b24        0x0 /Applications/microchip/mplabc32/v2.00/bin/../lib/gcc/pic32mx/4.5.1/../../../../pic32mx/lib/libmchp_peripheral_32MX795F512L.a(I2CPrivate.o)
 .debug_info    0x00001b24        0x0 /Applications/microchip/mplabc32/v2.00/bin/../lib/gcc/pic32mx/4.5.1/../../../../pic32mx/lib/libc.a(errno.o)
 .debug_info    0x00001b24      0x2aa /Applications/microchip/mplabc32/v2.00/bin/../lib/gcc/pic32mx/4.5.1/libgcc.a(_floatundisf.o)
 .debug_info    0x00001dce      0x75d /Applications/microchip/mplabc32/v2.00/bin/../lib/gcc/pic32mx/4.5.1/libgcc.a(_udivdi3.o)
 .debug_info    0x0000252b      0x79a /Applications/microchip/mplabc32/v2.00/bin/../lib/gcc/pic32mx/4.5.1/libgcc.a(_umoddi3.o)
 .debug_info    0x00002cc5      0x162 /Applications/microchip/mplabc32/v2.00/bin/../lib/gcc/pic32mx/4.5.1/libgcc.a(floatunsisf.o)

.debug_abbrev   0x00000000      0x794
 *(.debug_abbrev)
 .debug_abbrev  0x00000000       0x25 /Applications/microchip/mplabc32/v2.00/bin/../lib/gcc/pic32mx/4.5.1/../../../../pic32mx/lib/libc.a(ctypef.o)
 .debug_abbrev  0x00000025       0x27 /Applications/microchip/mplabc32/v2.00/bin/../lib/gcc/pic32mx/4.5.1/../../../../pic32mx/lib/libc.a(sprintf_fF.eo)
 .debug_abbrev  0x0000004c       0x25 /Applications/microchip/mplabc32/v2.00/bin/../lib/gcc/pic32mx/4.5.1/../../../../pic32mx/lib/libc.a(default-general-exception-handler.o)
 .debug_abbrev  0x00000071       0x25 /Applications/microchip/mplabc32/v2.00/bin/../lib/gcc/pic32mx/4.5.1/../../../../pic32mx/lib/libc.a(default-bootstrap-exception-handler.o)
 .debug_abbrev  0x00000096       0x25 /Applications/microchip/mplabc32/v2.00/bin/../lib/gcc/pic32mx/4.5.1/../../../../pic32mx/lib/libc.a(default-on-reset.o)
 .debug_abbrev  0x000000bb       0x25 /Applications/microchip/mplabc32/v2.00/bin/../lib/gcc/pic32mx/4.5.1/../../../../pic32mx/lib/libc.a(default-on-bootstrap.o)
 .debug_abbrev  0x000000e0        0x1 /Applications/microchip/mplabc32/v2.00/bin/../lib/gcc/pic32mx/4.5.1/../../../../pic32mx/lib/libc.a(ctype.o)
 .debug_abbrev  0x000000e1       0x45 /Applications/microchip/mplabc32/v2.00/bin/../lib/gcc/pic32mx/4.5.1/../../../../pic32mx/lib/libc.a(doprnt_fF.eo)
 .debug_abbrev  0x00000126       0x27 /Applications/microchip/mplabc32/v2.00/bin/../lib/gcc/pic32mx/4.5.1/../../../../pic32mx/lib/libc.a(_fputc_simple.o)
 .debug_abbrev  0x0000014d        0x1 /Applications/microchip/mplabc32/v2.00/bin/../lib/gcc/pic32mx/4.5.1/../../../../pic32mx/lib/libc.a(powers.o)
 .debug_abbrev  0x0000014e       0x25 /Applications/microchip/mplabc32/v2.00/bin/../lib/gcc/pic32mx/4.5.1/../../../../pic32mx/lib/libc.a(write.o)
 .debug_abbrev  0x00000173        0x1 /Applications/microchip/mplabc32/v2.00/bin/../lib/gcc/pic32mx/4.5.1/../../../../pic32mx/lib/libc.a(_iob.o)
 .debug_abbrev  0x00000174       0x27 /Applications/microchip/mplabc32/v2.00/bin/../lib/gcc/pic32mx/4.5.1/../../../../pic32mx/lib/libc.a(_flsbuf_simple.o)
 .debug_abbrev  0x0000019b       0x25 /Applications/microchip/mplabc32/v2.00/bin/../lib/gcc/pic32mx/4.5.1/../../../../pic32mx/lib/libc.a(_mon_putc.o)
 .debug_abbrev  0x000001c0        0x1 /Applications/microchip/mplabc32/v2.00/bin/../lib/gcc/pic32mx/4.5.1/../../../../pic32mx/lib/libc.a(c32_uart.o)
 .debug_abbrev  0x000001c1       0x25 /Applications/microchip/mplabc32/v2.00/bin/../lib/gcc/pic32mx/4.5.1/../../../../pic32mx/lib/libm.a(w_asinf.o)
 .debug_abbrev  0x000001e6       0x25 /Applications/microchip/mplabc32/v2.00/bin/../lib/gcc/pic32mx/4.5.1/../../../../pic32mx/lib/libm.a(w_sqrtf.o)
 .debug_abbrev  0x0000020b        0x1 /Applications/microchip/mplabc32/v2.00/bin/../lib/gcc/pic32mx/4.5.1/../../../../pic32mx/lib/libm.a(s_lib_ver.o)
 .debug_abbrev  0x0000020c       0x32 /Applications/microchip/mplabc32/v2.00/bin/../lib/gcc/pic32mx/4.5.1/../../../../pic32mx/lib/libe.a(_floatdisf.o)
 .debug_abbrev  0x0000023e       0x25 /Applications/microchip/mplabc32/v2.00/bin/../lib/gcc/pic32mx/4.5.1/../../../../pic32mx/lib/libmchp_peripheral_32MX795F512L.a(int_configure_system_lib.o)
 .debug_abbrev  0x00000263       0x25 /Applications/microchip/mplabc32/v2.00/bin/../lib/gcc/pic32mx/4.5.1/../../../../pic32mx/lib/libmchp_peripheral_32MX795F512L.a(int_enable_interrupts_lib.o)
 .debug_abbrev  0x00000288       0x25 /Applications/microchip/mplabc32/v2.00/bin/../lib/gcc/pic32mx/4.5.1/../../../../pic32mx/lib/libmchp_peripheral_32MX795F512L.a(int_enable_mv_int_lib.o)
 .debug_abbrev  0x000002ad       0x25 /Applications/microchip/mplabc32/v2.00/bin/../lib/gcc/pic32mx/4.5.1/../../../../pic32mx/lib/libmchp_peripheral_32MX795F512L.a(int_tbl_lib.o)
 .debug_abbrev  0x000002d2       0x25 /Applications/microchip/mplabc32/v2.00/bin/../lib/gcc/pic32mx/4.5.1/../../../../pic32mx/lib/libmchp_peripheral_32MX795F512L.a(I2CAcknowledgeByte.o)
 .debug_abbrev  0x000002f7       0x25 /Applications/microchip/mplabc32/v2.00/bin/../lib/gcc/pic32mx/4.5.1/../../../../pic32mx/lib/libmchp_peripheral_32MX795F512L.a(I2CByteWasAcknowledged.o)
 .debug_abbrev  0x0000031c       0x25 /Applications/microchip/mplabc32/v2.00/bin/../lib/gcc/pic32mx/4.5.1/../../../../pic32mx/lib/libmchp_peripheral_32MX795F512L.a(I2CGetByte.o)
 .debug_abbrev  0x00000341       0x25 /Applications/microchip/mplabc32/v2.00/bin/../lib/gcc/pic32mx/4.5.1/../../../../pic32mx/lib/libmchp_peripheral_32MX795F512L.a(I2CReceiverEnable.o)
 .debug_abbrev  0x00000366       0x25 /Applications/microchip/mplabc32/v2.00/bin/../lib/gcc/pic32mx/4.5.1/../../../../pic32mx/lib/libmchp_peripheral_32MX795F512L.a(I2CRepeatStart.o)
 .debug_abbrev  0x0000038b       0x25 /Applications/microchip/mplabc32/v2.00/bin/../lib/gcc/pic32mx/4.5.1/../../../../pic32mx/lib/libmchp_peripheral_32MX795F512L.a(I2CSendByte.o)
 .debug_abbrev  0x000003b0       0x25 /Applications/microchip/mplabc32/v2.00/bin/../lib/gcc/pic32mx/4.5.1/../../../../pic32mx/lib/libmchp_peripheral_32MX795F512L.a(I2CStart.o)
 .debug_abbrev  0x000003d5       0x25 /Applications/microchip/mplabc32/v2.00/bin/../lib/gcc/pic32mx/4.5.1/../../../../pic32mx/lib/libmchp_peripheral_32MX795F512L.a(I2CStop.o)
 .debug_abbrev  0x000003fa       0x25 /Applications/microchip/mplabc32/v2.00/bin/../lib/gcc/pic32mx/4.5.1/../../../../pic32mx/lib/libmchp_peripheral_32MX795F512L.a(I2CTransmissionHasCompleted.o)
 .debug_abbrev  0x0000041f        0x1 /Applications/microchip/mplabc32/v2.00/bin/../lib/gcc/pic32mx/4.5.1/../../../../pic32mx/lib/libmchp_peripheral_32MX795F512L.a(I2CPrivate.o)
 .debug_abbrev  0x00000420        0x1 /Applications/microchip/mplabc32/v2.00/bin/../lib/gcc/pic32mx/4.5.1/../../../../pic32mx/lib/libc.a(errno.o)
 .debug_abbrev  0x00000421       0x79 /Applications/microchip/mplabc32/v2.00/bin/../lib/gcc/pic32mx/4.5.1/libgcc.a(_floatundisf.o)
 .debug_abbrev  0x0000049a      0x13d /Applications/microchip/mplabc32/v2.00/bin/../lib/gcc/pic32mx/4.5.1/libgcc.a(_udivdi3.o)
 .debug_abbrev  0x000005d7      0x15c /Applications/microchip/mplabc32/v2.00/bin/../lib/gcc/pic32mx/4.5.1/libgcc.a(_umoddi3.o)
 .debug_abbrev  0x00000733       0x61 /Applications/microchip/mplabc32/v2.00/bin/../lib/gcc/pic32mx/4.5.1/libgcc.a(floatunsisf.o)

.debug_line     0x00000000     0x1202
 *(.debug_line)
 .debug_line    0x00000000       0x87 /Applications/microchip/mplabc32/v2.00/bin/../lib/gcc/pic32mx/4.5.1/../../../../pic32mx/lib/libc.a(ctypef.o)
 .debug_line    0x00000087       0x31 /Applications/microchip/mplabc32/v2.00/bin/../lib/gcc/pic32mx/4.5.1/../../../../pic32mx/lib/libc.a(sprintf_fF.eo)
 .debug_line    0x000000b8       0xa4 /Applications/microchip/mplabc32/v2.00/bin/../lib/gcc/pic32mx/4.5.1/../../../../pic32mx/lib/libc.a(default-general-exception-handler.o)
 .debug_line    0x0000015c       0xa6 /Applications/microchip/mplabc32/v2.00/bin/../lib/gcc/pic32mx/4.5.1/../../../../pic32mx/lib/libc.a(default-bootstrap-exception-handler.o)
 .debug_line    0x00000202       0x93 /Applications/microchip/mplabc32/v2.00/bin/../lib/gcc/pic32mx/4.5.1/../../../../pic32mx/lib/libc.a(default-on-reset.o)
 .debug_line    0x00000295       0x97 /Applications/microchip/mplabc32/v2.00/bin/../lib/gcc/pic32mx/4.5.1/../../../../pic32mx/lib/libc.a(default-on-bootstrap.o)
 .debug_line    0x0000032c        0x0 /Applications/microchip/mplabc32/v2.00/bin/../lib/gcc/pic32mx/4.5.1/../../../../pic32mx/lib/libc.a(ctype.o)
 .debug_line    0x0000032c       0x30 /Applications/microchip/mplabc32/v2.00/bin/../lib/gcc/pic32mx/4.5.1/../../../../pic32mx/lib/libc.a(doprnt_fF.eo)
 .debug_line    0x0000035c       0x2f /Applications/microchip/mplabc32/v2.00/bin/../lib/gcc/pic32mx/4.5.1/../../../../pic32mx/lib/libc.a(_fputc_simple.o)
 .debug_line    0x0000038b        0x0 /Applications/microchip/mplabc32/v2.00/bin/../lib/gcc/pic32mx/4.5.1/../../../../pic32mx/lib/libc.a(powers.o)
 .debug_line    0x0000038b       0x88 /Applications/microchip/mplabc32/v2.00/bin/../lib/gcc/pic32mx/4.5.1/../../../../pic32mx/lib/libc.a(write.o)
 .debug_line    0x00000413        0x0 /Applications/microchip/mplabc32/v2.00/bin/../lib/gcc/pic32mx/4.5.1/../../../../pic32mx/lib/libc.a(_iob.o)
 .debug_line    0x00000413       0x30 /Applications/microchip/mplabc32/v2.00/bin/../lib/gcc/pic32mx/4.5.1/../../../../pic32mx/lib/libc.a(_flsbuf_simple.o)
 .debug_line    0x00000443       0x8c /Applications/microchip/mplabc32/v2.00/bin/../lib/gcc/pic32mx/4.5.1/../../../../pic32mx/lib/libc.a(_mon_putc.o)
 .debug_line    0x000004cf        0x0 /Applications/microchip/mplabc32/v2.00/bin/../lib/gcc/pic32mx/4.5.1/../../../../pic32mx/lib/libc.a(c32_uart.o)
 .debug_line    0x000004cf       0x8b /Applications/microchip/mplabc32/v2.00/bin/../lib/gcc/pic32mx/4.5.1/../../../../pic32mx/lib/libm.a(w_asinf.o)
 .debug_line    0x0000055a       0x8b /Applications/microchip/mplabc32/v2.00/bin/../lib/gcc/pic32mx/4.5.1/../../../../pic32mx/lib/libm.a(w_sqrtf.o)
 .debug_line    0x000005e5        0x0 /Applications/microchip/mplabc32/v2.00/bin/../lib/gcc/pic32mx/4.5.1/../../../../pic32mx/lib/libm.a(s_lib_ver.o)
 .debug_line    0x000005e5       0xa6 /Applications/microchip/mplabc32/v2.00/bin/../lib/gcc/pic32mx/4.5.1/../../../../pic32mx/lib/libe.a(_floatdisf.o)
 .debug_line    0x0000068b       0xa6 /Applications/microchip/mplabc32/v2.00/bin/../lib/gcc/pic32mx/4.5.1/../../../../pic32mx/lib/libmchp_peripheral_32MX795F512L.a(int_configure_system_lib.o)
 .debug_line    0x00000731       0xa7 /Applications/microchip/mplabc32/v2.00/bin/../lib/gcc/pic32mx/4.5.1/../../../../pic32mx/lib/libmchp_peripheral_32MX795F512L.a(int_enable_interrupts_lib.o)
 .debug_line    0x000007d8       0xa3 /Applications/microchip/mplabc32/v2.00/bin/../lib/gcc/pic32mx/4.5.1/../../../../pic32mx/lib/libmchp_peripheral_32MX795F512L.a(int_enable_mv_int_lib.o)
 .debug_line    0x0000087b       0x99 /Applications/microchip/mplabc32/v2.00/bin/../lib/gcc/pic32mx/4.5.1/../../../../pic32mx/lib/libmchp_peripheral_32MX795F512L.a(int_tbl_lib.o)
 .debug_line    0x00000914       0xa0 /Applications/microchip/mplabc32/v2.00/bin/../lib/gcc/pic32mx/4.5.1/../../../../pic32mx/lib/libmchp_peripheral_32MX795F512L.a(I2CAcknowledgeByte.o)
 .debug_line    0x000009b4       0xa4 /Applications/microchip/mplabc32/v2.00/bin/../lib/gcc/pic32mx/4.5.1/../../../../pic32mx/lib/libmchp_peripheral_32MX795F512L.a(I2CByteWasAcknowledged.o)
 .debug_line    0x00000a58       0x98 /Applications/microchip/mplabc32/v2.00/bin/../lib/gcc/pic32mx/4.5.1/../../../../pic32mx/lib/libmchp_peripheral_32MX795F512L.a(I2CGetByte.o)
 .debug_line    0x00000af0       0x9f /Applications/microchip/mplabc32/v2.00/bin/../lib/gcc/pic32mx/4.5.1/../../../../pic32mx/lib/libmchp_peripheral_32MX795F512L.a(I2CReceiverEnable.o)
 .debug_line    0x00000b8f       0x9c /Applications/microchip/mplabc32/v2.00/bin/../lib/gcc/pic32mx/4.5.1/../../../../pic32mx/lib/libmchp_peripheral_32MX795F512L.a(I2CRepeatStart.o)
 .debug_line    0x00000c2b       0x99 /Applications/microchip/mplabc32/v2.00/bin/../lib/gcc/pic32mx/4.5.1/../../../../pic32mx/lib/libmchp_peripheral_32MX795F512L.a(I2CSendByte.o)
 .debug_line    0x00000cc4       0x96 /Applications/microchip/mplabc32/v2.00/bin/../lib/gcc/pic32mx/4.5.1/../../../../pic32mx/lib/libmchp_peripheral_32MX795F512L.a(I2CStart.o)
 .debug_line    0x00000d5a       0x95 /Applications/microchip/mplabc32/v2.00/bin/../lib/gcc/pic32mx/4.5.1/../../../../pic32mx/lib/libmchp_peripheral_32MX795F512L.a(I2CStop.o)
 .debug_line    0x00000def       0xa9 /Applications/microchip/mplabc32/v2.00/bin/../lib/gcc/pic32mx/4.5.1/../../../../pic32mx/lib/libmchp_peripheral_32MX795F512L.a(I2CTransmissionHasCompleted.o)
 .debug_line    0x00000e98        0x0 /Applications/microchip/mplabc32/v2.00/bin/../lib/gcc/pic32mx/4.5.1/../../../../pic32mx/lib/libmchp_peripheral_32MX795F512L.a(I2CPrivate.o)
 .debug_line    0x00000e98        0x0 /Applications/microchip/mplabc32/v2.00/bin/../lib/gcc/pic32mx/4.5.1/../../../../pic32mx/lib/libc.a(errno.o)
 .debug_line    0x00000e98       0xc3 /Applications/microchip/mplabc32/v2.00/bin/../lib/gcc/pic32mx/4.5.1/libgcc.a(_floatundisf.o)
 .debug_line    0x00000f5b      0x112 /Applications/microchip/mplabc32/v2.00/bin/../lib/gcc/pic32mx/4.5.1/libgcc.a(_udivdi3.o)
 .debug_line    0x0000106d      0x128 /Applications/microchip/mplabc32/v2.00/bin/../lib/gcc/pic32mx/4.5.1/libgcc.a(_umoddi3.o)
 .debug_line    0x00001195       0x6d /Applications/microchip/mplabc32/v2.00/bin/../lib/gcc/pic32mx/4.5.1/libgcc.a(floatunsisf.o)

.debug_frame    0x00000000      0x5f0
 *(.debug_frame)
 .debug_frame   0x00000000      0x120 /Applications/microchip/mplabc32/v2.00/bin/../lib/gcc/pic32mx/4.5.1/../../../../pic32mx/lib/libc.a(ctypef.o)
 .debug_frame   0x00000120       0x2c /Applications/microchip/mplabc32/v2.00/bin/../lib/gcc/pic32mx/4.5.1/../../../../pic32mx/lib/libc.a(sprintf_fF.eo)
 .debug_frame   0x0000014c       0x20 /Applications/microchip/mplabc32/v2.00/bin/../lib/gcc/pic32mx/4.5.1/../../../../pic32mx/lib/libc.a(default-general-exception-handler.o)
 .debug_frame   0x0000016c       0x20 /Applications/microchip/mplabc32/v2.00/bin/../lib/gcc/pic32mx/4.5.1/../../../../pic32mx/lib/libc.a(default-bootstrap-exception-handler.o)
 .debug_frame   0x0000018c       0x20 /Applications/microchip/mplabc32/v2.00/bin/../lib/gcc/pic32mx/4.5.1/../../../../pic32mx/lib/libc.a(default-on-reset.o)
 .debug_frame   0x000001ac       0x20 /Applications/microchip/mplabc32/v2.00/bin/../lib/gcc/pic32mx/4.5.1/../../../../pic32mx/lib/libc.a(default-on-bootstrap.o)
 .debug_frame   0x000001cc       0x5c /Applications/microchip/mplabc32/v2.00/bin/../lib/gcc/pic32mx/4.5.1/../../../../pic32mx/lib/libc.a(doprnt_fF.eo)
 .debug_frame   0x00000228       0x2c /Applications/microchip/mplabc32/v2.00/bin/../lib/gcc/pic32mx/4.5.1/../../../../pic32mx/lib/libc.a(_fputc_simple.o)
 .debug_frame   0x00000254       0x28 /Applications/microchip/mplabc32/v2.00/bin/../lib/gcc/pic32mx/4.5.1/../../../../pic32mx/lib/libc.a(write.o)
 .debug_frame   0x0000027c       0x28 /Applications/microchip/mplabc32/v2.00/bin/../lib/gcc/pic32mx/4.5.1/../../../../pic32mx/lib/libc.a(_flsbuf_simple.o)
 .debug_frame   0x000002a4       0x20 /Applications/microchip/mplabc32/v2.00/bin/../lib/gcc/pic32mx/4.5.1/../../../../pic32mx/lib/libc.a(_mon_putc.o)
 .debug_frame   0x000002c4       0x28 /Applications/microchip/mplabc32/v2.00/bin/../lib/gcc/pic32mx/4.5.1/../../../../pic32mx/lib/libm.a(w_asinf.o)
 .debug_frame   0x000002ec       0x28 /Applications/microchip/mplabc32/v2.00/bin/../lib/gcc/pic32mx/4.5.1/../../../../pic32mx/lib/libm.a(w_sqrtf.o)
 .debug_frame   0x00000314       0x20 /Applications/microchip/mplabc32/v2.00/bin/../lib/gcc/pic32mx/4.5.1/../../../../pic32mx/lib/libe.a(_floatdisf.o)
 .debug_frame   0x00000334       0x20 /Applications/microchip/mplabc32/v2.00/bin/../lib/gcc/pic32mx/4.5.1/../../../../pic32mx/lib/libmchp_peripheral_32MX795F512L.a(int_configure_system_lib.o)
 .debug_frame   0x00000354       0x20 /Applications/microchip/mplabc32/v2.00/bin/../lib/gcc/pic32mx/4.5.1/../../../../pic32mx/lib/libmchp_peripheral_32MX795F512L.a(int_enable_interrupts_lib.o)
 .debug_frame   0x00000374       0x28 /Applications/microchip/mplabc32/v2.00/bin/../lib/gcc/pic32mx/4.5.1/../../../../pic32mx/lib/libmchp_peripheral_32MX795F512L.a(int_enable_mv_int_lib.o)
 .debug_frame   0x0000039c       0xa0 /Applications/microchip/mplabc32/v2.00/bin/../lib/gcc/pic32mx/4.5.1/../../../../pic32mx/lib/libmchp_peripheral_32MX795F512L.a(int_tbl_lib.o)
 .debug_frame   0x0000043c       0x20 /Applications/microchip/mplabc32/v2.00/bin/../lib/gcc/pic32mx/4.5.1/../../../../pic32mx/lib/libmchp_peripheral_32MX795F512L.a(I2CAcknowledgeByte.o)
 .debug_frame   0x0000045c       0x20 /Applications/microchip/mplabc32/v2.00/bin/../lib/gcc/pic32mx/4.5.1/../../../../pic32mx/lib/libmchp_peripheral_32MX795F512L.a(I2CByteWasAcknowledged.o)
 .debug_frame   0x0000047c       0x20 /Applications/microchip/mplabc32/v2.00/bin/../lib/gcc/pic32mx/4.5.1/../../../../pic32mx/lib/libmchp_peripheral_32MX795F512L.a(I2CGetByte.o)
 .debug_frame   0x0000049c       0x20 /Applications/microchip/mplabc32/v2.00/bin/../lib/gcc/pic32mx/4.5.1/../../../../pic32mx/lib/libmchp_peripheral_32MX795F512L.a(I2CReceiverEnable.o)
 .debug_frame   0x000004bc       0x20 /Applications/microchip/mplabc32/v2.00/bin/../lib/gcc/pic32mx/4.5.1/../../../../pic32mx/lib/libmchp_peripheral_32MX795F512L.a(I2CRepeatStart.o)
 .debug_frame   0x000004dc       0x20 /Applications/microchip/mplabc32/v2.00/bin/../lib/gcc/pic32mx/4.5.1/../../../../pic32mx/lib/libmchp_peripheral_32MX795F512L.a(I2CSendByte.o)
 .debug_frame   0x000004fc       0x20 /Applications/microchip/mplabc32/v2.00/bin/../lib/gcc/pic32mx/4.5.1/../../../../pic32mx/lib/libmchp_peripheral_32MX795F512L.a(I2CStart.o)
 .debug_frame   0x0000051c       0x20 /Applications/microchip/mplabc32/v2.00/bin/../lib/gcc/pic32mx/4.5.1/../../../../pic32mx/lib/libmchp_peripheral_32MX795F512L.a(I2CStop.o)
 .debug_frame   0x0000053c       0x20 /Applications/microchip/mplabc32/v2.00/bin/../lib/gcc/pic32mx/4.5.1/../../../../pic32mx/lib/libmchp_peripheral_32MX795F512L.a(I2CTransmissionHasCompleted.o)
 .debug_frame   0x0000055c       0x2c /Applications/microchip/mplabc32/v2.00/bin/../lib/gcc/pic32mx/4.5.1/libgcc.a(_floatundisf.o)
 .debug_frame   0x00000588       0x20 /Applications/microchip/mplabc32/v2.00/bin/../lib/gcc/pic32mx/4.5.1/libgcc.a(_udivdi3.o)
 .debug_frame   0x000005a8       0x20 /Applications/microchip/mplabc32/v2.00/bin/../lib/gcc/pic32mx/4.5.1/libgcc.a(_umoddi3.o)
 .debug_frame   0x000005c8       0x28 /Applications/microchip/mplabc32/v2.00/bin/../lib/gcc/pic32mx/4.5.1/libgcc.a(floatunsisf.o)

.debug_str      0x00000000        0x0
 *(.debug_str)
 .debug_str     0x00000000        0x0 /Applications/microchip/mplabc32/v2.00/bin/../lib/gcc/pic32mx/4.5.1/../../../../pic32mx/lib/libc.a(ctypef.o)
 .debug_str     0x00000000        0x0 /Applications/microchip/mplabc32/v2.00/bin/../lib/gcc/pic32mx/4.5.1/../../../../pic32mx/lib/libc.a(sprintf_fF.eo)
 .debug_str     0x00000000        0x0 /Applications/microchip/mplabc32/v2.00/bin/../lib/gcc/pic32mx/4.5.1/../../../../pic32mx/lib/libc.a(default-general-exception-handler.o)
 .debug_str     0x00000000        0x0 /Applications/microchip/mplabc32/v2.00/bin/../lib/gcc/pic32mx/4.5.1/../../../../pic32mx/lib/libc.a(default-bootstrap-exception-handler.o)
 .debug_str     0x00000000        0x0 /Applications/microchip/mplabc32/v2.00/bin/../lib/gcc/pic32mx/4.5.1/../../../../pic32mx/lib/libc.a(default-on-reset.o)
 .debug_str     0x00000000        0x0 /Applications/microchip/mplabc32/v2.00/bin/../lib/gcc/pic32mx/4.5.1/../../../../pic32mx/lib/libc.a(default-on-bootstrap.o)
 .debug_str     0x00000000        0x0 /Applications/microchip/mplabc32/v2.00/bin/../lib/gcc/pic32mx/4.5.1/../../../../pic32mx/lib/libc.a(ctype.o)
 .debug_str     0x00000000        0x0 /Applications/microchip/mplabc32/v2.00/bin/../lib/gcc/pic32mx/4.5.1/../../../../pic32mx/lib/libc.a(doprnt_fF.eo)
 .debug_str     0x00000000        0x0 /Applications/microchip/mplabc32/v2.00/bin/../lib/gcc/pic32mx/4.5.1/../../../../pic32mx/lib/libc.a(_fputc_simple.o)
 .debug_str     0x00000000        0x0 /Applications/microchip/mplabc32/v2.00/bin/../lib/gcc/pic32mx/4.5.1/../../../../pic32mx/lib/libc.a(powers.o)
 .debug_str     0x00000000        0x0 /Applications/microchip/mplabc32/v2.00/bin/../lib/gcc/pic32mx/4.5.1/../../../../pic32mx/lib/libc.a(write.o)
 .debug_str     0x00000000        0x0 /Applications/microchip/mplabc32/v2.00/bin/../lib/gcc/pic32mx/4.5.1/../../../../pic32mx/lib/libc.a(_iob.o)
 .debug_str     0x00000000        0x0 /Applications/microchip/mplabc32/v2.00/bin/../lib/gcc/pic32mx/4.5.1/../../../../pic32mx/lib/libc.a(_flsbuf_simple.o)
 .debug_str     0x00000000        0x0 /Applications/microchip/mplabc32/v2.00/bin/../lib/gcc/pic32mx/4.5.1/../../../../pic32mx/lib/libc.a(_mon_putc.o)
 .debug_str     0x00000000        0x0 /Applications/microchip/mplabc32/v2.00/bin/../lib/gcc/pic32mx/4.5.1/../../../../pic32mx/lib/libc.a(c32_uart.o)
 .debug_str     0x00000000        0x0 /Applications/microchip/mplabc32/v2.00/bin/../lib/gcc/pic32mx/4.5.1/../../../../pic32mx/lib/libm.a(w_asinf.o)
 .debug_str     0x00000000        0x0 /Applications/microchip/mplabc32/v2.00/bin/../lib/gcc/pic32mx/4.5.1/../../../../pic32mx/lib/libm.a(w_sqrtf.o)
 .debug_str     0x00000000        0x0 /Applications/microchip/mplabc32/v2.00/bin/../lib/gcc/pic32mx/4.5.1/../../../../pic32mx/lib/libm.a(s_lib_ver.o)
 .debug_str     0x00000000        0x0 /Applications/microchip/mplabc32/v2.00/bin/../lib/gcc/pic32mx/4.5.1/../../../../pic32mx/lib/libe.a(_floatdisf.o)
 .debug_str     0x00000000        0x0 /Applications/microchip/mplabc32/v2.00/bin/../lib/gcc/pic32mx/4.5.1/../../../../pic32mx/lib/libmchp_peripheral_32MX795F512L.a(int_configure_system_lib.o)
 .debug_str     0x00000000        0x0 /Applications/microchip/mplabc32/v2.00/bin/../lib/gcc/pic32mx/4.5.1/../../../../pic32mx/lib/libmchp_peripheral_32MX795F512L.a(int_enable_interrupts_lib.o)
 .debug_str     0x00000000        0x0 /Applications/microchip/mplabc32/v2.00/bin/../lib/gcc/pic32mx/4.5.1/../../../../pic32mx/lib/libmchp_peripheral_32MX795F512L.a(int_enable_mv_int_lib.o)
 .debug_str     0x00000000        0x0 /Applications/microchip/mplabc32/v2.00/bin/../lib/gcc/pic32mx/4.5.1/../../../../pic32mx/lib/libmchp_peripheral_32MX795F512L.a(int_tbl_lib.o)
 .debug_str     0x00000000        0x0 /Applications/microchip/mplabc32/v2.00/bin/../lib/gcc/pic32mx/4.5.1/../../../../pic32mx/lib/libmchp_peripheral_32MX795F512L.a(I2CAcknowledgeByte.o)
 .debug_str     0x00000000        0x0 /Applications/microchip/mplabc32/v2.00/bin/../lib/gcc/pic32mx/4.5.1/../../../../pic32mx/lib/libmchp_peripheral_32MX795F512L.a(I2CByteWasAcknowledged.o)
 .debug_str     0x00000000        0x0 /Applications/microchip/mplabc32/v2.00/bin/../lib/gcc/pic32mx/4.5.1/../../../../pic32mx/lib/libmchp_peripheral_32MX795F512L.a(I2CGetByte.o)
 .debug_str     0x00000000        0x0 /Applications/microchip/mplabc32/v2.00/bin/../lib/gcc/pic32mx/4.5.1/../../../../pic32mx/lib/libmchp_peripheral_32MX795F512L.a(I2CReceiverEnable.o)
 .debug_str     0x00000000        0x0 /Applications/microchip/mplabc32/v2.00/bin/../lib/gcc/pic32mx/4.5.1/../../../../pic32mx/lib/libmchp_peripheral_32MX795F512L.a(I2CRepeatStart.o)
 .debug_str     0x00000000        0x0 /Applications/microchip/mplabc32/v2.00/bin/../lib/gcc/pic32mx/4.5.1/../../../../pic32mx/lib/libmchp_peripheral_32MX795F512L.a(I2CSendByte.o)
 .debug_str     0x00000000        0x0 /Applications/microchip/mplabc32/v2.00/bin/../lib/gcc/pic32mx/4.5.1/../../../../pic32mx/lib/libmchp_peripheral_32MX795F512L.a(I2CStart.o)
 .debug_str     0x00000000        0x0 /Applications/microchip/mplabc32/v2.00/bin/../lib/gcc/pic32mx/4.5.1/../../../../pic32mx/lib/libmchp_peripheral_32MX795F512L.a(I2CStop.o)
 .debug_str     0x00000000        0x0 /Applications/microchip/mplabc32/v2.00/bin/../lib/gcc/pic32mx/4.5.1/../../../../pic32mx/lib/libmchp_peripheral_32MX795F512L.a(I2CTransmissionHasCompleted.o)
 .debug_str     0x00000000        0x0 /Applications/microchip/mplabc32/v2.00/bin/../lib/gcc/pic32mx/4.5.1/../../../../pic32mx/lib/libmchp_peripheral_32MX795F512L.a(I2CPrivate.o)
 .debug_str     0x00000000        0x0 /Applications/microchip/mplabc32/v2.00/bin/../lib/gcc/pic32mx/4.5.1/../../../../pic32mx/lib/libc.a(errno.o)
 .debug_str     0x00000000        0x0 /Applications/microchip/mplabc32/v2.00/bin/../lib/gcc/pic32mx/4.5.1/libgcc.a(_floatundisf.o)
 .debug_str     0x00000000        0x0 /Applications/microchip/mplabc32/v2.00/bin/../lib/gcc/pic32mx/4.5.1/libgcc.a(_udivdi3.o)
 .debug_str     0x00000000        0x0 /Applications/microchip/mplabc32/v2.00/bin/../lib/gcc/pic32mx/4.5.1/libgcc.a(_umoddi3.o)
 .debug_str     0x00000000        0x0 /Applications/microchip/mplabc32/v2.00/bin/../lib/gcc/pic32mx/4.5.1/libgcc.a(floatunsisf.o)

.debug_loc      0x00000000     0x1595
 *(.debug_loc)
 .debug_loc     0x00000000       0xc9 /Applications/microchip/mplabc32/v2.00/bin/../lib/gcc/pic32mx/4.5.1/libgcc.a(_floatundisf.o)
 .debug_loc     0x000000c9      0xa47 /Applications/microchip/mplabc32/v2.00/bin/../lib/gcc/pic32mx/4.5.1/libgcc.a(_udivdi3.o)
 .debug_loc     0x00000b10      0xa1d /Applications/microchip/mplabc32/v2.00/bin/../lib/gcc/pic32mx/4.5.1/libgcc.a(_umoddi3.o)
 .debug_loc     0x0000152d       0x68 /Applications/microchip/mplabc32/v2.00/bin/../lib/gcc/pic32mx/4.5.1/libgcc.a(floatunsisf.o)

.debug_macinfo
 *(.debug_macinfo)

.debug_weaknames
 *(.debug_weaknames)

.debug_funcnames
 *(.debug_funcnames)

.debug_typenames
 *(.debug_typenames)

.debug_varnames
 *(.debug_varnames)

.debug_pubtypes
                0x00000000      0x126
 *(.debug_pubtypes)
 .debug_pubtypes
                0x00000000       0x40 /Applications/microchip/mplabc32/v2.00/bin/../lib/gcc/pic32mx/4.5.1/libgcc.a(_floatundisf.o)
 .debug_pubtypes
                0x00000040       0x59 /Applications/microchip/mplabc32/v2.00/bin/../lib/gcc/pic32mx/4.5.1/libgcc.a(_udivdi3.o)
 .debug_pubtypes
                0x00000099       0x59 /Applications/microchip/mplabc32/v2.00/bin/../lib/gcc/pic32mx/4.5.1/libgcc.a(_umoddi3.o)
 .debug_pubtypes
                0x000000f2       0x34 /Applications/microchip/mplabc32/v2.00/bin/../lib/gcc/pic32mx/4.5.1/libgcc.a(floatunsisf.o)

.debug_ranges   0x00000000      0x430
 *(.debug_ranges)
 .debug_ranges  0x00000000       0x90 /Applications/microchip/mplabc32/v2.00/bin/../lib/gcc/pic32mx/4.5.1/../../../../pic32mx/lib/libc.a(ctypef.o)
 .debug_ranges  0x00000090       0x10 /Applications/microchip/mplabc32/v2.00/bin/../lib/gcc/pic32mx/4.5.1/../../../../pic32mx/lib/libc.a(sprintf_fF.eo)
 .debug_ranges  0x000000a0       0x10 /Applications/microchip/mplabc32/v2.00/bin/../lib/gcc/pic32mx/4.5.1/../../../../pic32mx/lib/libc.a(default-general-exception-handler.o)
 .debug_ranges  0x000000b0       0x10 /Applications/microchip/mplabc32/v2.00/bin/../lib/gcc/pic32mx/4.5.1/../../../../pic32mx/lib/libc.a(default-bootstrap-exception-handler.o)
 .debug_ranges  0x000000c0       0x10 /Applications/microchip/mplabc32/v2.00/bin/../lib/gcc/pic32mx/4.5.1/../../../../pic32mx/lib/libc.a(default-on-reset.o)
 .debug_ranges  0x000000d0       0x10 /Applications/microchip/mplabc32/v2.00/bin/../lib/gcc/pic32mx/4.5.1/../../../../pic32mx/lib/libc.a(default-on-bootstrap.o)
 .debug_ranges  0x000000e0       0x18 /Applications/microchip/mplabc32/v2.00/bin/../lib/gcc/pic32mx/4.5.1/../../../../pic32mx/lib/libc.a(doprnt_fF.eo)
 .debug_ranges  0x000000f8       0x10 /Applications/microchip/mplabc32/v2.00/bin/../lib/gcc/pic32mx/4.5.1/../../../../pic32mx/lib/libc.a(_fputc_simple.o)
 .debug_ranges  0x00000108       0x10 /Applications/microchip/mplabc32/v2.00/bin/../lib/gcc/pic32mx/4.5.1/../../../../pic32mx/lib/libc.a(write.o)
 .debug_ranges  0x00000118       0x10 /Applications/microchip/mplabc32/v2.00/bin/../lib/gcc/pic32mx/4.5.1/../../../../pic32mx/lib/libc.a(_flsbuf_simple.o)
 .debug_ranges  0x00000128       0x10 /Applications/microchip/mplabc32/v2.00/bin/../lib/gcc/pic32mx/4.5.1/../../../../pic32mx/lib/libc.a(_mon_putc.o)
 .debug_ranges  0x00000138       0x10 /Applications/microchip/mplabc32/v2.00/bin/../lib/gcc/pic32mx/4.5.1/../../../../pic32mx/lib/libm.a(w_asinf.o)
 .debug_ranges  0x00000148       0x10 /Applications/microchip/mplabc32/v2.00/bin/../lib/gcc/pic32mx/4.5.1/../../../../pic32mx/lib/libm.a(w_sqrtf.o)
 .debug_ranges  0x00000158       0x10 /Applications/microchip/mplabc32/v2.00/bin/../lib/gcc/pic32mx/4.5.1/../../../../pic32mx/lib/libe.a(_floatdisf.o)
 .debug_ranges  0x00000168       0x10 /Applications/microchip/mplabc32/v2.00/bin/../lib/gcc/pic32mx/4.5.1/../../../../pic32mx/lib/libmchp_peripheral_32MX795F512L.a(int_configure_system_lib.o)
 .debug_ranges  0x00000178       0x10 /Applications/microchip/mplabc32/v2.00/bin/../lib/gcc/pic32mx/4.5.1/../../../../pic32mx/lib/libmchp_peripheral_32MX795F512L.a(int_enable_interrupts_lib.o)
 .debug_ranges  0x00000188       0x10 /Applications/microchip/mplabc32/v2.00/bin/../lib/gcc/pic32mx/4.5.1/../../../../pic32mx/lib/libmchp_peripheral_32MX795F512L.a(int_enable_mv_int_lib.o)
 .debug_ranges  0x00000198       0x50 /Applications/microchip/mplabc32/v2.00/bin/../lib/gcc/pic32mx/4.5.1/../../../../pic32mx/lib/libmchp_peripheral_32MX795F512L.a(int_tbl_lib.o)
 .debug_ranges  0x000001e8       0x10 /Applications/microchip/mplabc32/v2.00/bin/../lib/gcc/pic32mx/4.5.1/../../../../pic32mx/lib/libmchp_peripheral_32MX795F512L.a(I2CAcknowledgeByte.o)
 .debug_ranges  0x000001f8       0x10 /Applications/microchip/mplabc32/v2.00/bin/../lib/gcc/pic32mx/4.5.1/../../../../pic32mx/lib/libmchp_peripheral_32MX795F512L.a(I2CByteWasAcknowledged.o)
 .debug_ranges  0x00000208       0x10 /Applications/microchip/mplabc32/v2.00/bin/../lib/gcc/pic32mx/4.5.1/../../../../pic32mx/lib/libmchp_peripheral_32MX795F512L.a(I2CGetByte.o)
 .debug_ranges  0x00000218       0x10 /Applications/microchip/mplabc32/v2.00/bin/../lib/gcc/pic32mx/4.5.1/../../../../pic32mx/lib/libmchp_peripheral_32MX795F512L.a(I2CReceiverEnable.o)
 .debug_ranges  0x00000228       0x10 /Applications/microchip/mplabc32/v2.00/bin/../lib/gcc/pic32mx/4.5.1/../../../../pic32mx/lib/libmchp_peripheral_32MX795F512L.a(I2CRepeatStart.o)
 .debug_ranges  0x00000238       0x10 /Applications/microchip/mplabc32/v2.00/bin/../lib/gcc/pic32mx/4.5.1/../../../../pic32mx/lib/libmchp_peripheral_32MX795F512L.a(I2CSendByte.o)
 .debug_ranges  0x00000248       0x10 /Applications/microchip/mplabc32/v2.00/bin/../lib/gcc/pic32mx/4.5.1/../../../../pic32mx/lib/libmchp_peripheral_32MX795F512L.a(I2CStart.o)
 .debug_ranges  0x00000258       0x10 /Applications/microchip/mplabc32/v2.00/bin/../lib/gcc/pic32mx/4.5.1/../../../../pic32mx/lib/libmchp_peripheral_32MX795F512L.a(I2CStop.o)
 .debug_ranges  0x00000268       0x10 /Applications/microchip/mplabc32/v2.00/bin/../lib/gcc/pic32mx/4.5.1/../../../../pic32mx/lib/libmchp_peripheral_32MX795F512L.a(I2CTransmissionHasCompleted.o)
 .debug_ranges  0x00000278       0xc0 /Applications/microchip/mplabc32/v2.00/bin/../lib/gcc/pic32mx/4.5.1/libgcc.a(_udivdi3.o)
 .debug_ranges  0x00000338       0xf8 /Applications/microchip/mplabc32/v2.00/bin/../lib/gcc/pic32mx/4.5.1/libgcc.a(_umoddi3.o)

.gnu.attributes
                0x00000000       0x10
 *(.gnu.attributes)
 .gnu.attributes
                0x00000000       0x10 build/default/production/_ext/1472/Adc-Gruppio.o
 .gnu.attributes
                0x00000010       0x10 build/default/production/_ext/1472/Adxl345.o
 .gnu.attributes
                0x00000020       0x10 build/default/production/_ext/1472/App.o
 .gnu.attributes
                0x00000030       0x10 build/default/production/_ext/1472/Filter.o
 .gnu.attributes
                0x00000040       0x10 build/default/production/_ext/1472/Grapichs.o
 .gnu.attributes
                0x00000050       0x10 build/default/production/_ext/1472/HMC6352.o
 .gnu.attributes
                0x00000060       0x10 build/default/production/_ext/1472/I2C - Gruppio.o
 .gnu.attributes
                0x00000070       0x10 build/default/production/_ext/1472/IGruppioV2.o
 .gnu.attributes
                0x00000080       0x10 build/default/production/_ext/1472/ITG3200.o
 .gnu.attributes
                0x00000090       0x10 build/default/production/_ext/1472/MLX90614.o
 .gnu.attributes
                0x000000a0       0x10 build/default/production/_ext/1472/Pic32mx7.o
 .gnu.attributes
                0x000000b0       0x10 build/default/production/_ext/1472/PicasoSGC.o
 .gnu.attributes
                0x000000c0       0x10 build/default/production/_ext/1472/Timer-PWM-Gruppio.o
 .gnu.attributes
                0x000000d0       0x10 build/default/production/_ext/1472/Uart-Gruppio.o
 .gnu.attributes
                0x000000e0       0x10 /Applications/microchip/mplabc32/v2.00/bin/../lib/gcc/pic32mx/4.5.1/../../../../pic32mx/lib/libc.a(ctypef.o)
 .gnu.attributes
                0x000000f0       0x10 /Applications/microchip/mplabc32/v2.00/bin/../lib/gcc/pic32mx/4.5.1/../../../../pic32mx/lib/libc.a(sprintf_fF.eo)
 .gnu.attributes
                0x00000100       0x10 /Applications/microchip/mplabc32/v2.00/bin/../lib/gcc/pic32mx/4.5.1/../../../../pic32mx/lib/libc.a(default-general-exception-handler.o)
 .gnu.attributes
                0x00000110       0x10 /Applications/microchip/mplabc32/v2.00/bin/../lib/gcc/pic32mx/4.5.1/../../../../pic32mx/lib/libc.a(default-bootstrap-exception-handler.o)
 .gnu.attributes
                0x00000120       0x10 /Applications/microchip/mplabc32/v2.00/bin/../lib/gcc/pic32mx/4.5.1/../../../../pic32mx/lib/libc.a(default-on-reset.o)
 .gnu.attributes
                0x00000130       0x10 /Applications/microchip/mplabc32/v2.00/bin/../lib/gcc/pic32mx/4.5.1/../../../../pic32mx/lib/libc.a(default-on-bootstrap.o)
 .gnu.attributes
                0x00000140       0x10 /Applications/microchip/mplabc32/v2.00/bin/../lib/gcc/pic32mx/4.5.1/../../../../pic32mx/lib/libc.a(ctype.o)
 .gnu.attributes
                0x00000150       0x10 /Applications/microchip/mplabc32/v2.00/bin/../lib/gcc/pic32mx/4.5.1/../../../../pic32mx/lib/libc.a(doprnt_fF.eo)
 .gnu.attributes
                0x00000160       0x10 /Applications/microchip/mplabc32/v2.00/bin/../lib/gcc/pic32mx/4.5.1/../../../../pic32mx/lib/libc.a(_fputc_simple.o)
 .gnu.attributes
                0x00000170       0x10 /Applications/microchip/mplabc32/v2.00/bin/../lib/gcc/pic32mx/4.5.1/../../../../pic32mx/lib/libc.a(powers.o)
 .gnu.attributes
                0x00000180       0x10 /Applications/microchip/mplabc32/v2.00/bin/../lib/gcc/pic32mx/4.5.1/../../../../pic32mx/lib/libc.a(write.o)
 .gnu.attributes
                0x00000190       0x10 /Applications/microchip/mplabc32/v2.00/bin/../lib/gcc/pic32mx/4.5.1/../../../../pic32mx/lib/libc.a(_iob.o)
 .gnu.attributes
                0x000001a0       0x10 /Applications/microchip/mplabc32/v2.00/bin/../lib/gcc/pic32mx/4.5.1/../../../../pic32mx/lib/libc.a(_flsbuf_simple.o)
 .gnu.attributes
                0x000001b0       0x10 /Applications/microchip/mplabc32/v2.00/bin/../lib/gcc/pic32mx/4.5.1/../../../../pic32mx/lib/libc.a(_mon_putc.o)
 .gnu.attributes
                0x000001c0       0x10 /Applications/microchip/mplabc32/v2.00/bin/../lib/gcc/pic32mx/4.5.1/../../../../pic32mx/lib/libc.a(c32_uart.o)
 .gnu.attributes
                0x000001d0       0x10 /Applications/microchip/mplabc32/v2.00/bin/../lib/gcc/pic32mx/4.5.1/../../../../pic32mx/lib/libm.a(w_asinf.o)
 .gnu.attributes
                0x000001e0       0x10 /Applications/microchip/mplabc32/v2.00/bin/../lib/gcc/pic32mx/4.5.1/../../../../pic32mx/lib/libm.a(w_sqrtf.o)
 .gnu.attributes
                0x000001f0       0x10 /Applications/microchip/mplabc32/v2.00/bin/../lib/gcc/pic32mx/4.5.1/../../../../pic32mx/lib/libm.a(s_lib_ver.o)
 .gnu.attributes
                0x00000200       0x10 /Applications/microchip/mplabc32/v2.00/bin/../lib/gcc/pic32mx/4.5.1/../../../../pic32mx/lib/libe.a(_floatdisf.o)
 .gnu.attributes
                0x00000210       0x10 /Applications/microchip/mplabc32/v2.00/bin/../lib/gcc/pic32mx/4.5.1/../../../../pic32mx/lib/libmchp_peripheral_32MX795F512L.a(int_configure_system_lib.o)
 .gnu.attributes
                0x00000220       0x10 /Applications/microchip/mplabc32/v2.00/bin/../lib/gcc/pic32mx/4.5.1/../../../../pic32mx/lib/libmchp_peripheral_32MX795F512L.a(int_enable_interrupts_lib.o)
 .gnu.attributes
                0x00000230       0x10 /Applications/microchip/mplabc32/v2.00/bin/../lib/gcc/pic32mx/4.5.1/../../../../pic32mx/lib/libmchp_peripheral_32MX795F512L.a(int_enable_mv_int_lib.o)
 .gnu.attributes
                0x00000240       0x10 /Applications/microchip/mplabc32/v2.00/bin/../lib/gcc/pic32mx/4.5.1/../../../../pic32mx/lib/libmchp_peripheral_32MX795F512L.a(int_tbl_lib.o)
 .gnu.attributes
                0x00000250       0x10 /Applications/microchip/mplabc32/v2.00/bin/../lib/gcc/pic32mx/4.5.1/../../../../pic32mx/lib/libmchp_peripheral_32MX795F512L.a(I2CAcknowledgeByte.o)
 .gnu.attributes
                0x00000260       0x10 /Applications/microchip/mplabc32/v2.00/bin/../lib/gcc/pic32mx/4.5.1/../../../../pic32mx/lib/libmchp_peripheral_32MX795F512L.a(I2CByteWasAcknowledged.o)
 .gnu.attributes
                0x00000270       0x10 /Applications/microchip/mplabc32/v2.00/bin/../lib/gcc/pic32mx/4.5.1/../../../../pic32mx/lib/libmchp_peripheral_32MX795F512L.a(I2CGetByte.o)
 .gnu.attributes
                0x00000280       0x10 /Applications/microchip/mplabc32/v2.00/bin/../lib/gcc/pic32mx/4.5.1/../../../../pic32mx/lib/libmchp_peripheral_32MX795F512L.a(I2CReceiverEnable.o)
 .gnu.attributes
                0x00000290       0x10 /Applications/microchip/mplabc32/v2.00/bin/../lib/gcc/pic32mx/4.5.1/../../../../pic32mx/lib/libmchp_peripheral_32MX795F512L.a(I2CRepeatStart.o)
 .gnu.attributes
                0x000002a0       0x10 /Applications/microchip/mplabc32/v2.00/bin/../lib/gcc/pic32mx/4.5.1/../../../../pic32mx/lib/libmchp_peripheral_32MX795F512L.a(I2CSendByte.o)
 .gnu.attributes
                0x000002b0       0x10 /Applications/microchip/mplabc32/v2.00/bin/../lib/gcc/pic32mx/4.5.1/../../../../pic32mx/lib/libmchp_peripheral_32MX795F512L.a(I2CStart.o)
 .gnu.attributes
                0x000002c0       0x10 /Applications/microchip/mplabc32/v2.00/bin/../lib/gcc/pic32mx/4.5.1/../../../../pic32mx/lib/libmchp_peripheral_32MX795F512L.a(I2CStop.o)
 .gnu.attributes
                0x000002d0       0x10 /Applications/microchip/mplabc32/v2.00/bin/../lib/gcc/pic32mx/4.5.1/../../../../pic32mx/lib/libmchp_peripheral_32MX795F512L.a(I2CTransmissionHasCompleted.o)
 .gnu.attributes
                0x000002e0       0x10 /Applications/microchip/mplabc32/v2.00/bin/../lib/gcc/pic32mx/4.5.1/../../../../pic32mx/lib/libmchp_peripheral_32MX795F512L.a(I2CPrivate.o)
 .gnu.attributes
                0x000002f0       0x10 /Applications/microchip/mplabc32/v2.00/bin/../lib/gcc/pic32mx/4.5.1/../../../../pic32mx/lib/libc.a(errno.o)
 .gnu.attributes
                0x00000300       0x10 /Applications/microchip/mplabc32/v2.00/bin/../lib/gcc/pic32mx/4.5.1/libgcc.a(_floatundisf.o)
 .gnu.attributes
                0x00000310       0x10 /Applications/microchip/mplabc32/v2.00/bin/../lib/gcc/pic32mx/4.5.1/libgcc.a(_udivdi3.o)
 .gnu.attributes
                0x00000320       0x10 /Applications/microchip/mplabc32/v2.00/bin/../lib/gcc/pic32mx/4.5.1/libgcc.a(_umoddi3.o)
 .gnu.attributes
                0x00000330       0x10 /Applications/microchip/mplabc32/v2.00/bin/../lib/gcc/pic32mx/4.5.1/libgcc.a(floatunsisf.o)
OUTPUT(dist/default/production/IGruppioV2.X.production.elf elf32-tradlittlemips)
LOAD stack
LOAD data_init

.stack          0xa0000470      0x400
 .stack         0xa0000470      0x400 stack

.data           0xa0000270      0x100
 .data          0xa0000270      0x100 /Applications/microchip/mplabc32/v2.00/bin/../lib/gcc/pic32mx/4.5.1/../../../../pic32mx/lib/libm.a(fparc32.o)

.data._iob      0xa0000370       0xa0
 .data._iob     0xa0000370       0xa0 /Applications/microchip/mplabc32/v2.00/bin/../lib/gcc/pic32mx/4.5.1/../../../../pic32mx/lib/libc.a(_iob.o)
                0xa0000370                _iob

.bss._sibuf     0xa0000410       0x20
 .bss._sibuf    0xa0000410       0x20 /Applications/microchip/mplabc32/v2.00/bin/../lib/gcc/pic32mx/4.5.1/../../../../pic32mx/lib/libc.a(_iob.o)
                0xa0000410                _sibuf

.bss._sobuf     0xa0000430       0x20
 .bss._sobuf    0xa0000430       0x20 /Applications/microchip/mplabc32/v2.00/bin/../lib/gcc/pic32mx/4.5.1/../../../../pic32mx/lib/libc.a(_iob.o)
                0xa0000430                _sobuf

.data.math_errhandling_flag
                0xa0000450        0x4
 .data.math_errhandling_flag
                0xa0000450        0x4 /Applications/microchip/mplabc32/v2.00/bin/../lib/gcc/pic32mx/4.5.1/../../../../pic32mx/lib/libm.a(s_lib_ver.o)
                0xa0000450                math_errhandling

.bss%z1         0x00000000        0x0
 .bss           0x00000000        0x0 /Applications/microchip/mplabc32/v2.00/bin/../lib/gcc/pic32mx/4.5.1/../../../../pic32mx/lib/./proc/32MX795F512L/processor.o

.data%z2        0x00000000        0x0
 .data          0x00000000        0x0 /Applications/microchip/mplabc32/v2.00/bin/../lib/gcc/pic32mx/4.5.1/../../../../pic32mx/lib/./proc/32MX795F512L/processor.o

.mdebug.abi32%z3
                0x00000000        0x0
 .mdebug.abi32  0x00000000        0x0 /Applications/microchip/mplabc32/v2.00/bin/../lib/gcc/pic32mx/4.5.1/libgcc.a(floatunsisf.o)

.bss%z4         0x00000000        0x0
 .bss           0x00000000        0x0 /Applications/microchip/mplabc32/v2.00/bin/../lib/gcc/pic32mx/4.5.1/libgcc.a(floatunsisf.o)

.data%z5        0x00000000        0x0
 .data          0x00000000        0x0 /Applications/microchip/mplabc32/v2.00/bin/../lib/gcc/pic32mx/4.5.1/libgcc.a(floatunsisf.o)

.mdebug.abi32%z6
                0x00000000        0x0
 .mdebug.abi32  0x00000000        0x0 /Applications/microchip/mplabc32/v2.00/bin/../lib/gcc/pic32mx/4.5.1/libgcc.a(_umoddi3.o)

.bss%z7         0x00000000        0x0
 .bss           0x00000000        0x0 /Applications/microchip/mplabc32/v2.00/bin/../lib/gcc/pic32mx/4.5.1/libgcc.a(_umoddi3.o)

.data%z8        0x00000000        0x0
 .data          0x00000000        0x0 /Applications/microchip/mplabc32/v2.00/bin/../lib/gcc/pic32mx/4.5.1/libgcc.a(_umoddi3.o)

.mdebug.abi32%z9
                0x00000000        0x0
 .mdebug.abi32  0x00000000        0x0 /Applications/microchip/mplabc32/v2.00/bin/../lib/gcc/pic32mx/4.5.1/libgcc.a(_udivdi3.o)

.bss%z10        0x00000000        0x0
 .bss           0x00000000        0x0 /Applications/microchip/mplabc32/v2.00/bin/../lib/gcc/pic32mx/4.5.1/libgcc.a(_udivdi3.o)

.data%z11       0x00000000        0x0
 .data          0x00000000        0x0 /Applications/microchip/mplabc32/v2.00/bin/../lib/gcc/pic32mx/4.5.1/libgcc.a(_udivdi3.o)

.mdebug.abi32%z12
                0x00000000        0x0
 .mdebug.abi32  0x00000000        0x0 /Applications/microchip/mplabc32/v2.00/bin/../lib/gcc/pic32mx/4.5.1/libgcc.a(_floatundisf.o)

.bss%z13        0x00000000        0x0
 .bss           0x00000000        0x0 /Applications/microchip/mplabc32/v2.00/bin/../lib/gcc/pic32mx/4.5.1/libgcc.a(_floatundisf.o)

.data%z14       0x00000000        0x0
 .data          0x00000000        0x0 /Applications/microchip/mplabc32/v2.00/bin/../lib/gcc/pic32mx/4.5.1/libgcc.a(_floatundisf.o)

.mdebug.abi32%z15
                0x00000000        0x0
 .mdebug.abi32  0x00000000        0x0 /Applications/microchip/mplabc32/v2.00/bin/../lib/gcc/pic32mx/4.5.1/../../../../pic32mx/lib/libc.a(errno.o)

.bss%z16        0x00000000        0x0
 .bss           0x00000000        0x0 /Applications/microchip/mplabc32/v2.00/bin/../lib/gcc/pic32mx/4.5.1/../../../../pic32mx/lib/libc.a(errno.o)

.data%z17       0x00000000        0x0
 .data          0x00000000        0x0 /Applications/microchip/mplabc32/v2.00/bin/../lib/gcc/pic32mx/4.5.1/../../../../pic32mx/lib/libc.a(errno.o)

.mdebug.abi32%z18
                0x00000000        0x0
 .mdebug.abi32  0x00000000        0x0 /Applications/microchip/mplabc32/v2.00/bin/../lib/gcc/pic32mx/4.5.1/../../../../pic32mx/lib/libmchp_peripheral_32MX795F512L.a(I2CPrivate.o)

.bss%z19        0x00000000        0x0
 .bss           0x00000000        0x0 /Applications/microchip/mplabc32/v2.00/bin/../lib/gcc/pic32mx/4.5.1/../../../../pic32mx/lib/libmchp_peripheral_32MX795F512L.a(I2CPrivate.o)

.data%z20       0x00000000        0x0
 .data          0x00000000        0x0 /Applications/microchip/mplabc32/v2.00/bin/../lib/gcc/pic32mx/4.5.1/../../../../pic32mx/lib/libmchp_peripheral_32MX795F512L.a(I2CPrivate.o)

.mdebug.abi32%z21
                0x00000000        0x0